Component: ARM Compiler 5.06 update 6 (build 750) Tool: armlink [4d35ed]

==============================================================================

Section Cross References

    main.o(i.UART4_IRQHandler) refers to stm32f4xx_usart.o(i.USART_GetITStatus) for USART_GetITStatus
    main.o(i.UART4_IRQHandler) refers to stm32f4xx_usart.o(i.USART_ReceiveData) for USART_ReceiveData
    main.o(i.UART4_IRQHandler) refers to rt_cmsis.o(i.osSignalSet) for osSignalSet
    main.o(i.UART4_IRQHandler) refers to stm32f4xx_usart.o(i.USART_ClearITPendingBit) for USART_ClearITPendingBit
    main.o(i.UART4_IRQHandler) refers to main.o(.data) for array_byte
    main.o(i.UART4_IRQHandler) refers to main.o(.bss) for array
    main.o(i.config_Hardware_LEDs) refers to stm32f4xx_rcc.o(i.RCC_AHB1PeriphClockCmd) for RCC_AHB1PeriphClockCmd
    main.o(i.config_Hardware_LEDs) refers to stm32f4xx_gpio.o(i.GPIO_Init) for GPIO_Init
    main.o(i.config_UART4) refers to stm32f4xx_rcc.o(i.RCC_APB1PeriphClockCmd) for RCC_APB1PeriphClockCmd
    main.o(i.config_UART4) refers to stm32f4xx_rcc.o(i.RCC_AHB1PeriphClockCmd) for RCC_AHB1PeriphClockCmd
    main.o(i.config_UART4) refers to stm32f4xx_gpio.o(i.GPIO_PinAFConfig) for GPIO_PinAFConfig
    main.o(i.config_UART4) refers to stm32f4xx_gpio.o(i.GPIO_Init) for GPIO_Init
    main.o(i.config_UART4) refers to stm32f4xx_usart.o(i.USART_Init) for USART_Init
    main.o(i.config_UART4) refers to stm32f4xx_usart.o(i.USART_Cmd) for USART_Cmd
    main.o(i.config_UART4) refers to stm32f4xx_usart.o(i.USART_ClearITPendingBit) for USART_ClearITPendingBit
    main.o(i.config_UART4) refers to stm32f4xx_usart.o(i.USART_ITConfig) for USART_ITConfig
    main.o(i.config_UART4) refers to misc.o(i.NVIC_Init) for NVIC_Init
    main.o(i.main) refers to main.o(i.config_Hardware_LEDs) for config_Hardware_LEDs
    main.o(i.main) refers to main.o(i.config_UART4) for config_UART4
    main.o(i.main) refers to rt_cmsis.o(i.osKernelInitialize) for osKernelInitialize
    main.o(i.main) refers to rt_cmsis.o(i.osThreadCreate) for osThreadCreate
    main.o(i.main) refers to rt_cmsis.o(i.osKernelStart) for osKernelStart
    main.o(i.main) refers to stm32f4xx_gpio.o(i.GPIO_ToggleBits) for GPIO_ToggleBits
    main.o(i.main) refers to main.o(.constdata) for os_thread_def_send_Thread_Fnc
    main.o(i.main) refers to main.o(.data) for send_Thread
    main.o(i.send_Thread_Fnc) refers to rt_cmsis.o(i.osSignalWait) for osSignalWait
    main.o(i.send_Thread_Fnc) refers to stm32f4xx_usart.o(i.USART_SendData) for USART_SendData
    main.o(i.send_Thread_Fnc) refers to rt_cmsis.o(i.osDelay) for osDelay
    main.o(i.send_Thread_Fnc) refers to main.o(.bss) for array
    main.o(i.send_Thread_Fnc) refers to main.o(.data) for array_Cnt
    main.o(.constdata) refers to main.o(i.send_Thread_Fnc) for send_Thread_Fnc
    rtx_conf_cm.o(.emb_text) refers to rt_cmsis.o(i.osKernelInitialize) for osKernelInitialize
    rtx_conf_cm.o(.emb_text) refers to rt_cmsis.o(i.osThreadCreate) for osThreadCreate
    rtx_conf_cm.o(.emb_text) refers to rt_cmsis.o(i.osKernelStart) for osKernelStart
    rtx_conf_cm.o(.emb_text) refers to exit.o(.text) for exit
    rtx_conf_cm.o(.emb_text) refers to rtx_conf_cm.o(.constdata) for os_thread_def_main
    rtx_conf_cm.o(i.__user_perthread_libspace) refers to rt_task.o(i.rt_tsk_self) for rt_tsk_self
    rtx_conf_cm.o(i.__user_perthread_libspace) refers to rt_cmsis.o(.data) for os_running
    rtx_conf_cm.o(i.__user_perthread_libspace) refers to rtx_conf_cm.o(.bss) for .bss
    rtx_conf_cm.o(i.__user_perthread_libspace) refers to libspace.o(.bss) for __libspace_start
    rtx_conf_cm.o(i._mutex_acquire) refers to rt_cmsis.o(.data) for os_running
    rtx_conf_cm.o(i._mutex_acquire) refers to rt_mutex.o(i.rt_mut_wait) for rt_mut_wait
    rtx_conf_cm.o(i._mutex_initialize) refers to rt_mutex.o(i.rt_mut_init) for rt_mut_init
    rtx_conf_cm.o(i._mutex_initialize) refers to rtx_conf_cm.o(.data) for .data
    rtx_conf_cm.o(i._mutex_initialize) refers to rtx_conf_cm.o(.bss) for .bss
    rtx_conf_cm.o(i._mutex_release) refers to rt_cmsis.o(.data) for os_running
    rtx_conf_cm.o(i._mutex_release) refers to rt_mutex.o(i.rt_mut_release) for rt_mut_release
    rtx_conf_cm.o(.constdata) refers to rt_cmsis.o(i.osTimerThread) for osTimerThread
    rtx_conf_cm.o(.constdata) refers to rtx_conf_cm.o(.bss) for os_messageQ_q_osTimerMessageQ
    rtx_conf_cm.o(.constdata) refers to main.o(i.main) for main
    stm32f4xx_gpio.o(i.GPIO_DeInit) refers to stm32f4xx_rcc.o(i.RCC_AHB1PeriphResetCmd) for RCC_AHB1PeriphResetCmd
    stm32f4xx_rcc.o(i.RCC_GetClocksFreq) refers to stm32f4xx_rcc.o(.data) for APBAHBPrescTable
    stm32f4xx_rcc.o(i.RCC_WaitForHSEStartUp) refers to stm32f4xx_rcc.o(i.RCC_GetFlagStatus) for RCC_GetFlagStatus
    stm32f4xx_usart.o(i.USART_DeInit) refers to stm32f4xx_rcc.o(i.RCC_APB2PeriphResetCmd) for RCC_APB2PeriphResetCmd
[...]
    ../clib/angel/rt.s                       0x00000000   Number         0  aeabi_ldiv0_sigfpe.o ABSOLUTE
    ../clib/angel/rt.s                       0x00000000   Number         0  rt_raise.o ABSOLUTE
    ../clib/angel/scatter.s                  0x00000000   Number         0  __scatter.o ABSOLUTE
    ../clib/angel/startup.s                  0x00000000   Number         0  __main.o ABSOLUTE
    ../clib/angel/sys.s                      0x00000000   Number         0  sys_stackheap_outer.o ABSOLUTE
    ../clib/angel/sys.s                      0x00000000   Number         0  use_no_semi.o ABSOLUTE
    ../clib/angel/sys.s                      0x00000000   Number         0  libspace.o ABSOLUTE
    ../clib/angel/sys.s                      0x00000000   Number         0  indicate_semi.o ABSOLUTE
    ../clib/angel/sysapp.c                   0x00000000   Number         0  sys_command.o ABSOLUTE
    ../clib/angel/sysapp.c                   0x00000000   Number         0  sys_wrch.o ABSOLUTE
    ../clib/angel/sysapp.c                   0x00000000   Number         0  sys_exit.o ABSOLUTE
    ../clib/armsys.c                         0x00000000   Number         0  argv_veneer.o ABSOLUTE
    ../clib/armsys.c                         0x00000000   Number         0  argv_veneer.o ABSOLUTE
    ../clib/armsys.c                         0x00000000   Number         0  _get_argv_nomalloc.o ABSOLUTE
    ../clib/armsys.c                         0x00000000   Number         0  no_argv.o ABSOLUTE
    ../clib/heapalloc.c                      0x00000000   Number         0  hrguard.o ABSOLUTE
    ../clib/heapaux.c                        0x00000000   Number         0  heapauxi.o ABSOLUTE
    ../clib/libinit.s                        0x00000000   Number         0  libinit2.o ABSOLUTE
    ../clib/libinit.s                        0x00000000   Number         0  libshutdown2.o ABSOLUTE
    ../clib/libinit.s                        0x00000000   Number         0  libshutdown.o ABSOLUTE
    ../clib/libinit.s                        0x00000000   Number         0  libinit.o ABSOLUTE
    ../clib/longlong.s                       0x00000000   Number         0  lludivv7m.o ABSOLUTE
    ../clib/signal.c                         0x00000000   Number         0  defsig_stak_inner.o ABSOLUTE
    ../clib/signal.c                         0x00000000   Number         0  defsig_abrt_inner.o ABSOLUTE
    ../clib/signal.c                         0x00000000   Number         0  defsig_rtmem_formal.o ABSOLUTE
    ../clib/signal.c                         0x00000000   Number         0  defsig_rtmem_outer.o ABSOLUTE
    ../clib/signal.c                         0x00000000   Number         0  defsig_rtmem_inner.o ABSOLUTE
    ../clib/signal.c                         0x00000000   Number         0  defsig_general.o ABSOLUTE
    ../clib/signal.c                         0x00000000   Number         0  __raise.o ABSOLUTE
    ../clib/signal.c                         0x00000000   Number         0  defsig_fpe_inner.o ABSOLUTE
    ../clib/signal.c                         0x00000000   Number         0  defsig_exit.o ABSOLUTE
    ../clib/signal.c                         0x00000000   Number         0  defsig_fpe_formal.o ABSOLUTE
    ../clib/signal.c                         0x00000000   Number         0  defsig_fpe_outer.o ABSOLUTE
    ../clib/signal.c                         0x00000000   Number         0  defsig_rtred_inner.o ABSOLUTE
    ../clib/signal.c                         0x00000000   Number         0  defsig_other.o ABSOLUTE
    ../clib/signal.c                         0x00000000   Number         0  defsig_segv_inner.o ABSOLUTE
    ../clib/signal.c                         0x00000000   Number         0  defsig_cppl_inner.o ABSOLUTE
    ../clib/signal.c                         0x00000000   Number         0  defsig_pvfn_inner.o ABSOLUTE
    ../clib/signal.s                         0x00000000   Number         0  defsig.o ABSOLUTE
    ../clib/stdlib.c                         0x00000000   Number         0  exit.o ABSOLUTE
    ../fplib/fpinit.s                        0x00000000   Number         0  fpinit.o ABSOLUTE
    ..\HAL_CM.c                              0x00000000   Number         0  hal_cm.o ABSOLUTE
    ..\\rt_CMSIS.c                           0x00000000   Number         0  rt_cmsis.o ABSOLUTE
    ..\\rt_System.c                          0x00000000   Number         0  rt_system.o ABSOLUTE
    ..\rt_CMSIS.c                            0x00000000   Number         0  rt_cmsis.o ABSOLUTE
    ..\rt_Event.c                            0x00000000   Number         0  rt_event.o ABSOLUTE
    ..\rt_List.c                             0x00000000   Number         0  rt_list.o ABSOLUTE
    ..\rt_Mailbox.c                          0x00000000   Number         0  rt_mailbox.o ABSOLUTE
    ..\rt_MemBox.c                           0x00000000   Number         0  rt_membox.o ABSOLUTE
    ..\rt_Memory.c                           0x00000000   Number         0  rt_memory.o ABSOLUTE
    ..\rt_Mutex.c                            0x00000000   Number         0  rt_mutex.o ABSOLUTE
    ..\rt_Robin.c                            0x00000000   Number         0  rt_robin.o ABSOLUTE
    ..\rt_Semaphore.c                        0x00000000   Number         0  rt_semaphore.o ABSOLUTE
    ..\rt_System.c                           0x00000000   Number         0  rt_system.o ABSOLUTE
    ..\rt_Task.c                             0x00000000   Number         0  rt_task.o ABSOLUTE
    ..\rt_Time.c                             0x00000000   Number         0  rt_time.o ABSOLUTE
    C:\Users\Ufuk\AppData\Local\Arm\Packs\Keil\STM32F4xx_DFP\1.0.8\Device\StdPeriph_Driver\src\misc.c 0x00000000   Number         0  misc.o ABSOLUTE
    C:\Users\Ufuk\AppData\Local\Arm\Packs\Keil\STM32F4xx_DFP\1.0.8\Device\StdPeriph_Driver\src\stm32f4xx_gpio.c 0x00000000   Number         0  stm32f4xx_gpio.o ABSOLUTE
    C:\Users\Ufuk\AppData\Local\Arm\Packs\Keil\STM32F4xx_DFP\1.0.8\Device\StdPeriph_Driver\src\stm32f4xx_rcc.c 0x00000000   Number         0  stm32f4xx_rcc.o ABSOLUTE
    C:\Users\Ufuk\AppData\Local\Arm\Packs\Keil\STM32F4xx_DFP\1.0.8\Device\StdPeriph_Driver\src\stm32f4xx_usart.c 0x00000000   Number         0  stm32f4xx_usart.o ABSOLUTE
    C:\\Users\\Ufuk\\AppData\\Local\\Arm\\Packs\\Keil\\STM32F4xx_DFP\\1.0.8\\Device\\StdPeriph_Driver\\src\\misc.c 0x00000000   Number         0  misc.o ABSOLUTE
    C:\\Users\\Ufuk\\AppData\\Local\\Arm\\Packs\\Keil\\STM32F4xx_DFP\\1.0.8\\Device\\StdPeriph_Driver\\src\\stm32f4xx_gpio.c 0x00000000   Number         0  stm32f4xx_gpio.o ABSOLUTE
    C:\\Users\\Ufuk\\AppData\\Local\\Arm\\Packs\\Keil\\STM32F4xx_DFP\\1.0.8\\Device\\StdPeriph_Driver\\src\\stm32f4xx_rcc.c 0x00000000   Number         0  stm32f4xx_rcc.o ABSOLUTE
    C:\\Users\\Ufuk\\AppData\\Local\\Arm\\Packs\\Keil\\STM32F4xx_DFP\\1.0.8\\Device\\StdPeriph_Driver\\src\\stm32f4xx_usart.c 0x00000000   Number         0  stm32f4xx_usart.o ABSOLUTE
    HAL_CM4.c                                0x00000000   Number         0  hal_cm4.o ABSOLUTE
    HAL_CM4.c                                0x00000000   Number         0  hal_cm4.o ABSOLUTE
    RTE\CMSIS\RTX_Conf_CM.c                  0x00000000   Number         0  rtx_conf_cm.o ABSOLUTE
    RTE\Device\STM32F407VG\startup_stm32f40_41xxx.s 0x00000000   Number         0  startup_stm32f40_41xxx.o ABSOLUTE
    RTE\Device\STM32F407VG\system_stm32f4xx.c 0x00000000   Number         0  system_stm32f4xx.o ABSOLUTE
    RTE\\CMSIS\\RTX_Conf_CM.c                0x00000000   Number         0  rtx_conf_cm.o ABSOLUTE
    RTE\\Device\\STM32F407VG\\system_stm32f4xx.c 0x00000000   Number         0  system_stm32f4xx.o ABSOLUTE
    SVC_Table.s                              0x00000000   Number         0  svc_table.o ABSOLUTE
    dc.s                                     0x00000000   Number         0  dc.o ABSOLUTE
    main.c                                   0x00000000   Number         0  main.o ABSOLUTE
    main.c                                   0x00000000   Number         0  main.o ABSOLUTE
    RESET                                    0x08000000   Section      392  startup_stm32f40_41xxx.o(RESET)
    !!!main                                  0x08000188   Section        8  __main.o(!!!main)
    !!!scatter                               0x08000190   Section       52  __scatter.o(!!!scatter)
    !!handler_copy                           0x080001c4   Section       26  __scatter_copy.o(!!handler_copy)
    !!handler_zi                             0x080001e0   Section       28  __scatter_zi.o(!!handler_zi)
    .ARM.Collect$$libinit$$00000000          0x080001fc   Section        2  libinit.o(.ARM.Collect$$libinit$$00000000)
    .ARM.Collect$$libinit$$00000001          0x080001fe   Section        4  libinit2.o(.ARM.Collect$$libinit$$00000001)
    .ARM.Collect$$libinit$$00000004          0x08000202   Section        0  libinit2.o(.ARM.Collect$$libinit$$00000004)
    .ARM.Collect$$libinit$$0000000A          0x08000202   Section        0  libinit2.o(.ARM.Collect$$libinit$$0000000A)
    .ARM.Collect$$libinit$$0000000C          0x08000202   Section        0  libinit2.o(.ARM.Collect$$libinit$$0000000C)
    .ARM.Collect$$libinit$$0000000E          0x08000202   Section        0  libinit2.o(.ARM.Collect$$libinit$$0000000E)
    .ARM.Collect$$libinit$$00000011          0x08000202   Section        0  libinit2.o(.ARM.Collect$$libinit$$00000011)
    .ARM.Collect$$libinit$$00000013          0x08000202   Section        0  libinit2.o(.ARM.Collect$$libinit$$00000013)
    .ARM.Collect$$libinit$$00000015          0x08000202   Section        0  libinit2.o(.ARM.Collect$$libinit$$00000015)
    .ARM.Collect$$libinit$$00000017          0x08000202   Section        0  libinit2.o(.ARM.Collect$$libinit$$00000017)
    .ARM.Collect$$libinit$$00000019          0x08000202   Section        0  libinit2.o(.ARM.Collect$$libinit$$00000019)
    .ARM.Collect$$libinit$$0000001B          0x08000202   Section        0  libinit2.o(.ARM.Collect$$libinit$$0000001B)
    .ARM.Collect$$libinit$$0000001D          0x08000202   Section        0  libinit2.o(.ARM.Collect$$libinit$$0000001D)
    .ARM.Collect$$libinit$$0000001F          0x08000202   Section        0  libinit2.o(.ARM.Collect$$libinit$$0000001F)
    .ARM.Collect$$libinit$$00000021          0x08000202   Section        0  libinit2.o(.ARM.Collect$$libinit$$00000021)
    .ARM.Collect$$libinit$$00000023          0x08000202   Section        0  libinit2.o(.ARM.Collect$$libinit$$00000023)
    .ARM.Collect$$libinit$$00000025          0x08000202   Section        0  libinit2.o(.ARM.Collect$$libinit$$00000025)
    .ARM.Collect$$libinit$$0000002C          0x08000202   Section        0  libinit2.o(.ARM.Collect$$libinit$$0000002C)
    .ARM.Collect$$libinit$$0000002E          0x08000202   Section        0  libinit2.o(.ARM.Collect$$libinit$$0000002E)
    .ARM.Collect$$libinit$$00000030          0x08000202   Section        0  libinit2.o(.ARM.Collect$$libinit$$00000030)
    .ARM.Collect$$libinit$$00000032          0x08000202   Section        0  libinit2.o(.ARM.Collect$$libinit$$00000032)
    .ARM.Collect$$libinit$$00000033          0x08000202   Section        2  libinit2.o(.ARM.Collect$$libinit$$00000033)
    .ARM.Collect$$libshutdown$$00000000      0x08000204   Section        2  libshutdown.o(.ARM.Collect$$libshutdown$$00000000)
    .ARM.Collect$$libshutdown$$00000002      0x08000206   Section        0  libshutdown2.o(.ARM.Collect$$libshutdown$$00000002)
    .ARM.Collect$$libshutdown$$00000004      0x08000206   Section        0  libshutdown2.o(.ARM.Collect$$libshutdown$$00000004)
    .ARM.Collect$$libshutdown$$00000007      0x08000206   Section        0  libshutdown2.o(.ARM.Collect$$libshutdown$$00000007)
    .ARM.Collect$$libshutdown$$0000000A      0x08000206   Section        0  libshutdown2.o(.ARM.Collect$$libshutdown$$0000000A)
    .ARM.Collect$$libshutdown$$0000000C      0x08000206   Section        0  libshutdown2.o(.ARM.Collect$$libshutdown$$0000000C)
    .ARM.Collect$$libshutdown$$0000000F      0x08000206   Section        0  libshutdown2.o(.ARM.Collect$$libshutdown$$0000000F)
    .ARM.Collect$$libshutdown$$00000010      0x08000206   Section        2  libshutdown2.o(.ARM.Collect$$libshutdown$$00000010)
    .ARM.Collect$$rtentry$$00000000          0x08000208   Section        0  __rtentry.o(.ARM.Collect$$rtentry$$00000000)
    .ARM.Collect$$rtentry$$00000002          0x08000208   Section        0  __rtentry2.o(.ARM.Collect$$rtentry$$00000002)
    .ARM.Collect$$rtentry$$00000004          0x08000208   Section        6  __rtentry4.o(.ARM.Collect$$rtentry$$00000004)
    .ARM.Collect$$rtentry$$00000009          0x0800020e   Section        0  __rtentry2.o(.ARM.Collect$$rtentry$$00000009)
    .ARM.Collect$$rtentry$$0000000A          0x0800020e   Section        4  __rtentry2.o(.ARM.Collect$$rtentry$$0000000A)
    .ARM.Collect$$rtentry$$0000000B          0x08000212   Section        8  __rtentry2.o(.ARM.Collect$$rtentry$$0000000B)
    .ARM.Collect$$rtentry$$0000000D          0x0800021a   Section        8  __rtentry2.o(.ARM.Collect$$rtentry$$0000000D)
    .ARM.Collect$$rtexit$$00000000           0x08000222   Section        2  rtexit.o(.ARM.Collect$$rtexit$$00000000)
    .ARM.Collect$$rtexit$$00000002           0x08000224   Section        0  rtexit2.o(.ARM.Collect$$rtexit$$00000002)
    .ARM.Collect$$rtexit$$00000003           0x08000224   Section        4  rtexit2.o(.ARM.Collect$$rtexit$$00000003)
    .ARM.Collect$$rtexit$$00000004           0x08000228   Section        6  rtexit2.o(.ARM.Collect$$rtexit$$00000004)
    .emb_text                                0x08000230   Section       28  rtx_conf_cm.o(.emb_text)
    $v0                                      0x08000230   Number         0  rtx_conf_cm.o(.emb_text)
    .emb_text                                0x0800024c   Section      408  hal_cm4.o(.emb_text)
    $v0                                      0x0800024c   Number         0  hal_cm4.o(.emb_text)
    .text                                    0x080003e4   Section       64  startup_stm32f40_41xxx.o(.text)
    $v0                                      0x080003e4   Number         0  startup_stm32f40_41xxx.o(.text)
    .text                                    0x08000424   Section        8  libspace.o(.text)
    .text                                    0x0800042c   Section        0  exit.o(.text)
    .text                                    0x0800043e   Section        0  heapauxi.o(.text)
    .text                                    0x08000444   Section        0  sys_exit.o(.text)
    .text                                    0x08000450   Section       74  sys_stackheap_outer.o(.text)
    .text                                    0x0800049a   Section        2  use_no_semi.o(.text)
    .text                                    0x0800049c   Section        0  indicate_semi.o(.text)
    SVC_TABLE                                0x0800049c   Section        4  svc_table.o(SVC_TABLE)
    i.GPIO_Init                              0x080004a0   Section        0  stm32f4xx_gpio.o(i.GPIO_Init)
    i.GPIO_PinAFConfig                       0x08000530   Section        0  stm32f4xx_gpio.o(i.GPIO_PinAFConfig)
    i.GPIO_ToggleBits                        0x08000576   Section        0  stm32f4xx_gpio.o(i.GPIO_ToggleBits)
    i.NVIC_Init                              0x08000580   Section        0  misc.o(i.NVIC_Init)
    i.RCC_AHB1PeriphClockCmd                 0x080005f8   Section        0  stm32f4xx_rcc.o(i.RCC_AHB1PeriphClockCmd)
    i.RCC_APB1PeriphClockCmd                 0x08000618   Section        0  stm32f4xx_rcc.o(i.RCC_APB1PeriphClockCmd)
    i.RCC_GetClocksFreq                      0x08000638   Section        0  stm32f4xx_rcc.o(i.RCC_GetClocksFreq)
    i.SetSysClock                            0x08000720   Section        0  system_stm32f4xx.o(i.SetSysClock)
    SetSysClock                              0x08000721   Thumb Code   220  system_stm32f4xx.o(i.SetSysClock)
    i.SystemInit                             0x0800080c   Section        0  system_stm32f4xx.o(i.SystemInit)
    i.UART4_IRQHandler                       0x08000874   Section        0  main.o(i.UART4_IRQHandler)
    i.USART_ClearITPendingBit                0x080008f0   Section        0  stm32f4xx_usart.o(i.USART_ClearITPendingBit)
    i.USART_Cmd                              0x0800090e   Section        0  stm32f4xx_usart.o(i.USART_Cmd)
    i.USART_GetITStatus                      0x08000926   Section        0  stm32f4xx_usart.o(i.USART_GetITStatus)
    i.USART_ITConfig                         0x0800097a   Section        0  stm32f4xx_usart.o(i.USART_ITConfig)
    i.USART_Init                             0x080009c4   Section        0  stm32f4xx_usart.o(i.USART_Init)
    i.USART_ReceiveData                      0x08000a98   Section        0  stm32f4xx_usart.o(i.USART_ReceiveData)
    i.USART_SendData                         0x08000aa2   Section        0  stm32f4xx_usart.o(i.USART_SendData)
    i._init_box                              0x08000aaa   Section        0  rt_membox.o(i._init_box)
    i._mutex_acquire                         0x08000af0   Section        0  rtx_conf_cm.o(i._mutex_acquire)
    __tagsym$$used                           0x08000af1   Number         0  rtx_conf_cm.o(i._mutex_acquire)
    i._mutex_release                         0x08000b10   Section        0  rtx_conf_cm.o(i._mutex_release)
    __tagsym$$used                           0x08000b11   Number         0  rtx_conf_cm.o(i._mutex_release)
    i.config_Hardware_LEDs                   0x08000b2c   Section        0  main.o(i.config_Hardware_LEDs)
    i.config_UART4                           0x08000b64   Section        0  main.o(i.config_UART4)
    i.dbg_init                               0x08000c3c   Section        0  hal_cm.o(i.dbg_init)
    i.dbg_task_notify                        0x08000c6c   Section        0  hal_cm.o(i.dbg_task_notify)
    i.dbg_task_switch                        0x08000c8c   Section        0  hal_cm.o(i.dbg_task_switch)
    i.isrMessageGet                          0x08000c9c   Section        0  rt_cmsis.o(i.isrMessageGet)
    i.isrMessagePut                          0x08000cc6   Section        0  rt_cmsis.o(i.isrMessagePut)
    i.isrSignalSet                           0x08000cf2   Section        0  rt_cmsis.o(i.isrSignalSet)
    i.isr_evt_set                            0x08000d18   Section        0  rt_event.o(i.isr_evt_set)
    i.isr_mbx_receive                        0x08000d40   Section        0  rt_mailbox.o(i.isr_mbx_receive)
    i.isr_mbx_send                           0x08000d96   Section        0  rt_mailbox.o(i.isr_mbx_send)
    i.main                                   0x08000da4   Section        0  main.o(i.main)
    i.osDelay                                0x08000df4   Section        0  rt_cmsis.o(i.osDelay)
    i.osKernelInitialize                     0x08000e0c   Section        0  rt_cmsis.o(i.osKernelInitialize)
    i.osKernelStart                          0x08000e30   Section        0  rt_cmsis.o(i.osKernelStart)
    i.osMessageGet                           0x08000e9c   Section        0  rt_cmsis.o(i.osMessageGet)
    i.osSignalSet                            0x08000eb4   Section        0  rt_cmsis.o(i.osSignalSet)
    i.osSignalWait                           0x08000ecc   Section        0  rt_cmsis.o(i.osSignalWait)
    i.osThreadCreate                         0x08000ee4   Section        0  rt_cmsis.o(i.osThreadCreate)
    i.osThreadExit                           0x08000f10   Section        0  rt_cmsis.o(i.osThreadExit)
    i.osTimerCall                            0x08000f28   Section        0  rt_cmsis.o(i.osTimerCall)
    i.osTimerThread                          0x08000f34   Section        0  rt_cmsis.o(i.osTimerThread)
    i.os_error                               0x08000f60   Section        0  rtx_conf_cm.o(i.os_error)
    i.os_idle_demon                          0x08000f82   Section        0  rtx_conf_cm.o(i.os_idle_demon)
    i.os_tick_init                           0x08000f88   Section        0  rt_system.o(i.os_tick_init)
    i.os_tick_irqack                         0x08000fb0   Section        0  rt_system.o(i.os_tick_irqack)
    i.rt_alloc_box                           0x08000fb2   Section        0  rt_membox.o(i.rt_alloc_box)
    i.rt_alloc_mem                           0x08000fcc   Section        0  rt_memory.o(i.rt_alloc_mem)
    i.rt_block                               0x0800100c   Section        0  rt_task.o(i.rt_block)
    i.rt_chk_robin                           0x08001044   Section        0  rt_robin.o(i.rt_chk_robin)
    i.rt_dec_dly                             0x0800108c   Section        0  rt_list.o(i.rt_dec_dly)
    i.rt_dispatch                            0x080010fc   Section        0  rt_task.o(i.rt_dispatch)
    i.rt_dly_wait                            0x08001140   Section        0  rt_time.o(i.rt_dly_wait)
    i.rt_evt_psh                             0x08001148   Section        0  rt_event.o(i.rt_evt_psh)
    i.rt_evt_set                             0x08001198   Section        0  rt_event.o(i.rt_evt_set)
    i.rt_evt_wait                            0x080011f4   Section        0  rt_event.o(i.rt_evt_wait)
    i.rt_free_box                            0x08001230   Section        0  rt_membox.o(i.rt_free_box)
    i.rt_free_mem                            0x0800125c   Section        0  rt_memory.o(i.rt_free_mem)
    i.rt_get_first                           0x08001284   Section        0  rt_list.o(i.rt_get_first)
    i.rt_id2obj                              0x080012ac   Section        0  rt_cmsis.o(i.rt_id2obj)
    rt_id2obj                                0x080012ad   Thumb Code     8  rt_cmsis.o(i.rt_id2obj)
    i.rt_init_context                        0x080012b4   Section        0  rt_task.o(i.rt_init_context)
    rt_init_context                          0x080012b5   Thumb Code    66  rt_task.o(i.rt_init_context)
    i.rt_init_mem                            0x080012fc   Section        0  rt_memory.o(i.rt_init_mem)
    i.rt_init_robin                          0x08001318   Section        0  rt_robin.o(i.rt_init_robin)
    i.rt_init_stack                          0x08001330   Section        0  hal_cm.o(i.rt_init_stack)
    i.rt_mbx_check                           0x080013b0   Section        0  rt_mailbox.o(i.rt_mbx_check)
    i.rt_mbx_init                            0x080013b8   Section        0  rt_mailbox.o(i.rt_mbx_init)
    i.rt_mbx_psh                             0x080013d4   Section        0  rt_mailbox.o(i.rt_mbx_psh)
    i.rt_mbx_wait                            0x080014c4   Section        0  rt_mailbox.o(i.rt_mbx_wait)
    i.rt_ms2tick                             0x08001578   Section        0  rt_cmsis.o(i.rt_ms2tick)
    rt_ms2tick                               0x08001579   Thumb Code    58  rt_cmsis.o(i.rt_ms2tick)
    i.rt_mut_release                         0x080015bc   Section        0  rt_mutex.o(i.rt_mut_release)
    i.rt_mut_wait                            0x08001694   Section        0  rt_mutex.o(i.rt_mut_wait)
    i.rt_pop_req                             0x0800170c   Section        0  rt_system.o(i.rt_pop_req)
    i.rt_psh_req                             0x08001788   Section        0  rt_system.o(i.rt_psh_req)
    i.rt_psq_enq                             0x080017a8   Section        0  rt_list.o(i.rt_psq_enq)
    i.rt_put_dly                             0x08001804   Section        0  rt_list.o(i.rt_put_dly)
    i.rt_put_prio                            0x0800184c   Section        0  rt_list.o(i.rt_put_prio)
    i.rt_put_rdy_first                       0x08001884   Section        0  rt_list.o(i.rt_put_rdy_first)
    i.rt_resort_prio                         0x08001898   Section        0  rt_list.o(i.rt_resort_prio)
    i.rt_ret_regs                            0x080018cc   Section        0  hal_cm.o(i.rt_ret_regs)
    rt_ret_regs                              0x080018cd   Thumb Code    16  hal_cm.o(i.rt_ret_regs)
    i.rt_ret_val                             0x080018dc   Section        0  hal_cm.o(i.rt_ret_val)
    i.rt_ret_val2                            0x080018e8   Section        0  hal_cm.o(i.rt_ret_val2)
    i.rt_rmv_dly                             0x080018f8   Section        0  rt_list.o(i.rt_rmv_dly)
    i.rt_rmv_list                            0x08001920   Section        0  rt_list.o(i.rt_rmv_list)
    i.rt_sem_psh                             0x08001950   Section        0  rt_semaphore.o(i.rt_sem_psh)
    i.rt_stk_check                           0x08001984   Section        0  rt_system.o(i.rt_stk_check)
    i.rt_switch_req                          0x080019a8   Section        0  rt_task.o(i.rt_switch_req)
    i.rt_sys_init                            0x080019d0   Section        0  rt_task.o(i.rt_sys_init)
    i.rt_sys_start                           0x08001a9c   Section        0  rt_task.o(i.rt_sys_start)
    i.rt_systick                             0x08001b14   Section        0  rt_system.o(i.rt_systick)
    i.rt_tid2ptcb                            0x08001b54   Section        0  rt_cmsis.o(i.rt_tid2ptcb)
    rt_tid2ptcb                              0x08001b55   Thumb Code    18  rt_cmsis.o(i.rt_tid2ptcb)
    i.rt_timer_insert                        0x08001b68   Section        0  rt_cmsis.o(i.rt_timer_insert)
    rt_timer_insert                          0x08001b69   Thumb Code    48  rt_cmsis.o(i.rt_timer_insert)
    i.rt_tsk_create                          0x08001b9c   Section        0  rt_task.o(i.rt_tsk_create)
    i.rt_tsk_delete                          0x08001c24   Section        0  rt_task.o(i.rt_tsk_delete)
    i.rt_tsk_prio                            0x08001da0   Section        0  rt_task.o(i.rt_tsk_prio)
    i.rt_tsk_self                            0x08001e1c   Section        0  rt_task.o(i.rt_tsk_self)
    i.send_Thread_Fnc                        0x08001e2c   Section        0  main.o(i.send_Thread_Fnc)
    i.svcDelay                               0x08001e84   Section        0  rt_cmsis.o(i.svcDelay)
    i.svcKernelInitialize                    0x08001e98   Section        0  rt_cmsis.o(i.svcKernelInitialize)
    i.svcKernelStart                         0x08001f08   Section        0  rt_cmsis.o(i.svcKernelStart)
    i.svcMessageCreate                       0x08001f50   Section        0  rt_cmsis.o(i.svcMessageCreate)
    i.svcMessageGet                          0x08001f74   Section        0  rt_cmsis.o(i.svcMessageGet)
    i.svcSignalSet                           0x08001fae   Section        0  rt_cmsis.o(i.svcSignalSet)
    i.svcSignalWait                          0x08001fd4   Section        0  rt_cmsis.o(i.svcSignalWait)
    i.svcThreadCreate                        0x08002028   Section        0  rt_cmsis.o(i.svcThreadCreate)
    i.svcThreadGetId                         0x08002094   Section        0  rt_cmsis.o(i.svcThreadGetId)
    i.svcThreadTerminate                     0x080020b0   Section        0  rt_cmsis.o(i.svcThreadTerminate)
    i.svcTimerCall                           0x080020e8   Section        0  rt_cmsis.o(i.svcTimerCall)
    i.sysTimerTick                           0x08002100   Section        0  rt_cmsis.o(i.sysTimerTick)
    x$fpl$fpinit                             0x0800215c   Section       10  fpinit.o(x$fpl$fpinit)
    $v0                                      0x0800215c   Number         0  fpinit.o(x$fpl$fpinit)
    .constdata                               0x08002168   Section       16  main.o(.constdata)
    .constdata                               0x08002178   Section      104  rtx_conf_cm.o(.constdata)
    __tagsym$$used                           0x08002194   Number         0  rtx_conf_cm.o(.constdata)
    __tagsym$$used                           0x08002198   Number         0  rtx_conf_cm.o(.constdata)
    __tagsym$$used                           0x0800219c   Number         0  rtx_conf_cm.o(.constdata)
    __tagsym$$used                           0x080021a0   Number         0  rtx_conf_cm.o(.constdata)
    .data                                    0x20000000   Section        8  main.o(.data)
    .data                                    0x20000008   Section       20  rtx_conf_cm.o(.data)
    nr_mutex                                 0x20000018   Data           4  rtx_conf_cm.o(.data)
    .data                                    0x2000001c   Section       16  stm32f4xx_rcc.o(.data)
    APBAHBPrescTable                         0x2000001c   Data          16  stm32f4xx_rcc.o(.data)
    .data                                    0x2000002c   Section        8  rt_cmsis.o(.data)
    .data                                    0x20000034   Section        8  rt_task.o(.data)
    .data                                    0x2000003c   Section        8  rt_system.o(.data)
    os_lock                                  0x2000003c   Data           1  rt_system.o(.data)
    os_psh_flag                              0x2000003d   Data           1  rt_system.o(.data)
    pend_flags                               0x2000003e   Data           1  rt_system.o(.data)
    .data                                    0x20000044   Section        4  rt_time.o(.data)
    .data                                    0x20000048   Section        8  rt_robin.o(.data)
    .data                                    0x20000050   Section        1  hal_cm.o(.data)
    .bss                                     0x20000054   Section       10  main.o(.bss)
    .bss                                     0x20000060   Section     3016  rtx_conf_cm.o(.bss)
    std_libspace                             0x20000908   Data         672  rtx_conf_cm.o(.bss)
    std_libmutex                             0x20000ba8   Data         128  rtx_conf_cm.o(.bss)
    .bss                                     0x20000c28   Section       52  rt_task.o(.bss)
    .bss                                     0x20000c5c   Section       48  rt_list.o(.bss)
    .bss                                     0x20000c8c   Section       96  libspace.o(.bss)
    HEAP                                     0x20000cf0   Section      512  startup_stm32f40_41xxx.o(HEAP)
    Heap_Mem                                 0x20000cf0   Data         512  startup_stm32f40_41xxx.o(HEAP)
    STACK                                    0x20000ef0   Section     1024  startup_stm32f40_41xxx.o(STACK)
    Stack_Mem                                0x20000ef0   Data        1024  startup_stm32f40_41xxx.o(STACK)
    __initial_sp                             0x200012f0   Data           0  startup_stm32f40_41xxx.o(STACK)

    Global Symbols

    Symbol Name                              Value     Ov Type        Size  Object(Section)

    BuildAttributes$$THM_ISAv4$E$P$D$K$B$S$7EM$VFPi3$EXTD16$VFPS$VFMA$PE$A:L22UL41UL21$X:L11$S22US41US21$IEEE1$IW$USESV6$~STKCKD$USESV7$~SHL$OSPACE$ROPI$EBA8$UX$STANDARDLIB$REQ8$PRES8$EABIv2 0x00000000   Number         0  anon$$obj.o ABSOLUTE
    __ARM_use_no_argv                        0x00000000   Number         0  main.o ABSOLUTE
    __ARM_exceptions_init                     - Undefined Weak Reference
    __alloca_initialize                       - Undefined Weak Reference
    __arm_preinit_                            - Undefined Weak Reference
    __cpp_initialize__aeabi_                  - Undefined Weak Reference
    __cxa_finalize                            - Undefined Weak Reference
    __rt_locale                               - Undefined Weak Reference
    __sigvec_lookup                           - Undefined Weak Reference
    _atexit_init                              - Undefined Weak Reference
    _call_atexit_fns                          - Undefined Weak Reference
    _clock_init                               - Undefined Weak Reference
    _fp_trap_init                             - Undefined Weak Reference
    _fp_trap_shutdown                         - Undefined Weak Reference
    _get_lc_collate                           - Undefined Weak Reference
    _get_lc_ctype                             - Undefined Weak Reference
    _get_lc_monetary                          - Undefined Weak Reference
    _get_lc_numeric                           - Undefined Weak Reference
    _get_lc_time                              - Undefined Weak Reference
    _getenv_init                              - Undefined Weak Reference
    _handle_redirection                       - Undefined Weak Reference
    _init_alloc                               - Undefined Weak Reference
    _init_user_alloc                          - Undefined Weak Reference
    _initio                                   - Undefined Weak Reference
    _rand_init                                - Undefined Weak Reference
    _signal_finish                            - Undefined Weak Reference
    _signal_init                              - Undefined Weak Reference
    _terminate_alloc                          - Undefined Weak Reference
    _terminate_user_alloc                     - Undefined Weak Reference
    _terminateio                              - Undefined Weak Reference
    __Vectors_Size                           0x00000188   Number         0  startup_stm32f40_41xxx.o ABSOLUTE
    __RL_RTX_VER                             0x00000482   Number         0  rt_system.o ABSOLUTE
    __Vectors                                0x08000000   Data           4  startup_stm32f40_41xxx.o(RESET)
    __Vectors_End                            0x08000188   Data           0  startup_stm32f40_41xxx.o(RESET)
    __main                                   0x08000189   Thumb Code     8  __main.o(!!!main)
    __scatterload                            0x08000191   Thumb Code     0  __scatter.o(!!!scatter)
    __scatterload_rt2                        0x08000191   Thumb Code    44  __scatter.o(!!!scatter)
    __scatterload_rt2_thumb_only             0x08000191   Thumb Code     0  __scatter.o(!!!scatter)
    __scatterload_null                       0x0800019f   Thumb Code     0  __scatter.o(!!!scatter)
    __scatterload_copy                       0x080001c5   Thumb Code    26  __scatter_copy.o(!!handler_copy)
    __scatterload_zeroinit                   0x080001e1   Thumb Code    28  __scatter_zi.o(!!handler_zi)
    __rt_lib_init                            0x080001fd   Thumb Code     0  libinit.o(.ARM.Collect$$libinit$$00000000)
    __rt_lib_init_fp_1                       0x080001ff   Thumb Code     0  libinit2.o(.ARM.Collect$$libinit$$00000001)
    __rt_lib_init_alloca_1                   0x08000203   Thumb Code     0  libinit2.o(.ARM.Collect$$libinit$$0000002E)
    __rt_lib_init_argv_1                     0x08000203   Thumb Code     0  libinit2.o(.ARM.Collect$$libinit$$0000002C)
    __rt_lib_init_atexit_1                   0x08000203   Thumb Code     0  libinit2.o(.ARM.Collect$$libinit$$0000001B)
    __rt_lib_init_clock_1                    0x08000203   Thumb Code     0  libinit2.o(.ARM.Collect$$libinit$$00000021)
    __rt_lib_init_cpp_1                      0x08000203   Thumb Code     0  libinit2.o(.ARM.Collect$$libinit$$00000032)
    __rt_lib_init_exceptions_1               0x08000203   Thumb Code     0  libinit2.o(.ARM.Collect$$libinit$$00000030)
    __rt_lib_init_fp_trap_1                  0x08000203   Thumb Code     0  libinit2.o(.ARM.Collect$$libinit$$0000001F)
    __rt_lib_init_getenv_1                   0x08000203   Thumb Code     0  libinit2.o(.ARM.Collect$$libinit$$00000023)
    __rt_lib_init_heap_1                     0x08000203   Thumb Code     0  libinit2.o(.ARM.Collect$$libinit$$0000000A)
    __rt_lib_init_lc_collate_1               0x08000203   Thumb Code     0  libinit2.o(.ARM.Collect$$libinit$$00000011)
    __rt_lib_init_lc_ctype_1                 0x08000203   Thumb Code     0  libinit2.o(.ARM.Collect$$libinit$$00000013)
    __rt_lib_init_lc_monetary_1              0x08000203   Thumb Code     0  libinit2.o(.ARM.Collect$$libinit$$00000015)
    __rt_lib_init_lc_numeric_1               0x08000203   Thumb Code     0  libinit2.o(.ARM.Collect$$libinit$$00000017)
    __rt_lib_init_lc_time_1                  0x08000203   Thumb Code     0  libinit2.o(.ARM.Collect$$libinit$$00000019)
    __rt_lib_init_preinit_1                  0x08000203   Thumb Code     0  libinit2.o(.ARM.Collect$$libinit$$00000004)
    __rt_lib_init_rand_1                     0x08000203   Thumb Code     0  libinit2.o(.ARM.Collect$$libinit$$0000000E)
    __rt_lib_init_return                     0x08000203   Thumb Code     0  libinit2.o(.ARM.Collect$$libinit$$00000033)
    __rt_lib_init_signal_1                   0x08000203   Thumb Code     0  libinit2.o(.ARM.Collect$$libinit$$0000001D)
    __rt_lib_init_stdio_1                    0x08000203   Thumb Code     0  libinit2.o(.ARM.Collect$$libinit$$00000025)
    __rt_lib_init_user_alloc_1               0x08000203   Thumb Code     0  libinit2.o(.ARM.Collect$$libinit$$0000000C)
    __rt_lib_shutdown                        0x08000205   Thumb Code     0  libshutdown.o(.ARM.Collect$$libshutdown$$00000000)
    __rt_lib_shutdown_cpp_1                  0x08000207   Thumb Code     0  libshutdown2.o(.ARM.Collect$$libshutdown$$00000002)
    __rt_lib_shutdown_fp_trap_1              0x08000207   Thumb Code     0  libshutdown2.o(.ARM.Collect$$libshutdown$$00000007)
    __rt_lib_shutdown_heap_1                 0x08000207   Thumb Code     0  libshutdown2.o(.ARM.Collect$$libshutdown$$0000000F)
    __rt_lib_shutdown_return                 0x08000207   Thumb Code     0  libshutdown2.o(.ARM.Collect$$libshutdown$$00000010)
    __rt_lib_shutdown_signal_1               0x08000207   Thumb Code     0  libshutdown2.o(.ARM.Collect$$libshutdown$$0000000A)
    __rt_lib_shutdown_stdio_1                0x08000207   Thumb Code     0  libshutdown2.o(.ARM.Collect$$libshutdown$$00000004)
    __rt_lib_shutdown_user_alloc_1           0x08000207   Thumb Code     0  libshutdown2.o(.ARM.Collect$$libshutdown$$0000000C)
    __rt_entry                               0x08000209   Thumb Code     0  __rtentry.o(.ARM.Collect$$rtentry$$00000000)
    __rt_entry_presh_1                       0x08000209   Thumb Code     0  __rtentry2.o(.ARM.Collect$$rtentry$$00000002)
    __rt_entry_sh                            0x08000209   Thumb Code     0  __rtentry4.o(.ARM.Collect$$rtentry$$00000004)
    __rt_entry_li                            0x0800020f   Thumb Code     0  __rtentry2.o(.ARM.Collect$$rtentry$$0000000A)
    __rt_entry_postsh_1                      0x0800020f   Thumb Code     0  __rtentry2.o(.ARM.Collect$$rtentry$$00000009)
    __rt_entry_postli_1                      0x08000213   Thumb Code     0  __rtentry2.o(.ARM.Collect$$rtentry$$0000000B)
    __rt_entry_main                          0x0800021b   Thumb Code     0  __rtentry2.o(.ARM.Collect$$rtentry$$0000000D)
    __rt_exit                                0x08000223   Thumb Code     0  rtexit.o(.ARM.Collect$$rtexit$$00000000)
    __rt_exit_ls                             0x08000225   Thumb Code     0  rtexit2.o(.ARM.Collect$$rtexit$$00000003)
    __rt_exit_prels_1                        0x08000225   Thumb Code     0  rtexit2.o(.ARM.Collect$$rtexit$$00000002)
    __rt_exit_exit                           0x08000229   Thumb Code     0  rtexit2.o(.ARM.Collect$$rtexit$$00000004)
    _platform_post_lib_init                  0x08000231   Thumb Code    24  rtx_conf_cm.o(.emb_text)
    rt_set_PSP                               0x0800024d   Thumb Code     6  hal_cm4.o(.emb_text)
    rt_get_PSP                               0x08000253   Thumb Code     6  hal_cm4.o(.emb_text)
    os_set_env                               0x08000259   Thumb Code    24  hal_cm4.o(.emb_text)
    _alloc_box                               0x08000275   Thumb Code    28  hal_cm4.o(.emb_text)
    _free_box                                0x08000295   Thumb Code    28  hal_cm4.o(.emb_text)
    SVC_Handler                              0x080002b5   Thumb Code   168  hal_cm4.o(.emb_text)
    PendSV_Handler                           0x0800036d   Thumb Code    96  hal_cm4.o(.emb_text)
    SysTick_Handler                          0x080003d1   Thumb Code     8  hal_cm4.o(.emb_text)
    OS_Tick_Handler                          0x080003d9   Thumb Code    12  hal_cm4.o(.emb_text)
    Reset_Handler                            0x080003e5   Thumb Code     8  startup_stm32f40_41xxx.o(.text)
    NMI_Handler                              0x080003ed   Thumb Code     2  startup_stm32f40_41xxx.o(.text)
    HardFault_Handler                        0x080003ef   Thumb Code     2  startup_stm32f40_41xxx.o(.text)
    MemManage_Handler                        0x080003f1   Thumb Code     2  startup_stm32f40_41xxx.o(.text)
    BusFault_Handler                         0x080003f3   Thumb Code     2  startup_stm32f40_41xxx.o(.text)
    UsageFault_Handler                       0x080003f5   Thumb Code     2  startup_stm32f40_41xxx.o(.text)
    DebugMon_Handler                         0x080003f9   Thumb Code     2  startup_stm32f40_41xxx.o(.text)
    ADC_IRQHandler                           0x080003ff   Thumb Code     0  startup_stm32f40_41xxx.o(.text)
    CAN1_RX0_IRQHandler                      0x080003ff   Thumb Code     0  startup_stm32f40_41xxx.o(.text)
    CAN1_RX1_IRQHandler                      0x080003ff   Thumb Code     0  startup_stm32f40_41xxx.o(.text)
    CAN1_SCE_IRQHandler                      0x080003ff   Thumb Code     0  startup_stm32f40_41xxx.o(.text)
    CAN1_TX_IRQHandler                       0x080003ff   Thumb Code     0  startup_stm32f40_41xxx.o(.text)
    CAN2_RX0_IRQHandler                      0x080003ff   Thumb Code     0  startup_stm32f40_41xxx.o(.text)
    CAN2_RX1_IRQHandler                      0x080003ff   Thumb Code     0  startup_stm32f40_41xxx.o(.text)
    CAN2_SCE_IRQHandler                      0x080003ff   Thumb Code     0  startup_stm32f40_41xxx.o(.text)
    CAN2_TX_IRQHandler                       0x080003ff   Thumb Code     0  startup_stm32f40_41xxx.o(.text)
    CRYP_IRQHandler                          0x080003ff   Thumb Code     0  startup_stm32f40_41xxx.o(.text)
    DCMI_IRQHandler                          0x080003ff   Thumb Code     0  startup_stm32f40_41xxx.o(.text)
    DMA1_Stream0_IRQHandler                  0x080003ff   Thumb Code     0  startup_stm32f40_41xxx.o(.text)
    DMA1_Stream1_IRQHandler                  0x080003ff   Thumb Code     0  startup_stm32f40_41xxx.o(.text)
    DMA1_Stream2_IRQHandler                  0x080003ff   Thumb Code     0  startup_stm32f40_41xxx.o(.text)
    DMA1_Stream3_IRQHandler                  0x080003ff   Thumb Code     0  startup_stm32f40_41xxx.o(.text)
    DMA1_Stream4_IRQHandler                  0x080003ff   Thumb Code     0  startup_stm32f40_41xxx.o(.text)
    DMA1_Stream5_IRQHandler                  0x080003ff   Thumb Code     0  startup_stm32f40_41xxx.o(.text)
    DMA1_Stream6_IRQHandler                  0x080003ff   Thumb Code     0  startup_stm32f40_41xxx.o(.text)
    DMA1_Stream7_IRQHandler                  0x080003ff   Thumb Code     0  startup_stm32f40_41xxx.o(.text)
    DMA2_Stream0_IRQHandler                  0x080003ff   Thumb Code     0  startup_stm32f40_41xxx.o(.text)
    DMA2_Stream1_IRQHandler                  0x080003ff   Thumb Code     0  startup_stm32f40_41xxx.o(.text)
    DMA2_Stream2_IRQHandler                  0x080003ff   Thumb Code     0  startup_stm32f40_41xxx.o(.text)
    DMA2_Stream3_IRQHandler                  0x080003ff   Thumb Code     0  startup_stm32f40_41xxx.o(.text)
    DMA2_Stream4_IRQHandler                  0x080003ff   Thumb Code     0  startup_stm32f40_41xxx.o(.text)
    DMA2_Stream5_IRQHandler                  0x080003ff   Thumb Code     0  startup_stm32f40_41xxx.o(.text)
    DMA2_Stream6_IRQHandler                  0x080003ff   Thumb Code     0  startup_stm32f40_41xxx.o(.text)
    DMA2_Stream7_IRQHandler                  0x080003ff   Thumb Code     0  startup_stm32f40_41xxx.o(.text)
    ETH_IRQHandler                           0x080003ff   Thumb Code     0  startup_stm32f40_41xxx.o(.text)
    ETH_WKUP_IRQHandler                      0x080003ff   Thumb Code     0  startup_stm32f40_41xxx.o(.text)
    EXTI0_IRQHandler                         0x080003ff   Thumb Code     0  startup_stm32f40_41xxx.o(.text)
    EXTI15_10_IRQHandler                     0x080003ff   Thumb Code     0  startup_stm32f40_41xxx.o(.text)
    EXTI1_IRQHandler                         0x080003ff   Thumb Code     0  startup_stm32f40_41xxx.o(.text)
    EXTI2_IRQHandler                         0x080003ff   Thumb Code     0  startup_stm32f40_41xxx.o(.text)
    EXTI3_IRQHandler                         0x080003ff   Thumb Code     0  startup_stm32f40_41xxx.o(.text)
    EXTI4_IRQHandler                         0x080003ff   Thumb Code     0  startup_stm32f40_41xxx.o(.text)
    EXTI9_5_IRQHandler                       0x080003ff   Thumb Code     0  startup_stm32f40_41xxx.o(.text)
    FLASH_IRQHandler                         0x080003ff   Thumb Code     0  startup_stm32f40_41xxx.o(.text)
    FPU_IRQHandler                           0x080003ff   Thumb Code     0  startup_stm32f40_41xxx.o(.text)
    FSMC_IRQHandler                          0x080003ff   Thumb Code     0  startup_stm32f40_41xxx.o(.text)
    HASH_RNG_IRQHandler                      0x080003ff   Thumb Code     0  startup_stm32f40_41xxx.o(.text)
    I2C1_ER_IRQHandler                       0x080003ff   Thumb Code     0  startup_stm32f40_41xxx.o(.text)
    I2C1_EV_IRQHandler                       0x080003ff   Thumb Code     0  startup_stm32f40_41xxx.o(.text)
    I2C2_ER_IRQHandler                       0x080003ff   Thumb Code     0  startup_stm32f40_41xxx.o(.text)
    I2C2_EV_IRQHandler                       0x080003ff   Thumb Code     0  startup_stm32f40_41xxx.o(.text)
    I2C3_ER_IRQHandler                       0x080003ff   Thumb Code     0  startup_stm32f40_41xxx.o(.text)
    I2C3_EV_IRQHandler                       0x080003ff   Thumb Code     0  startup_stm32f40_41xxx.o(.text)
    OTG_FS_IRQHandler                        0x080003ff   Thumb Code     0  startup_stm32f40_41xxx.o(.text)
    OTG_FS_WKUP_IRQHandler                   0x080003ff   Thumb Code     0  startup_stm32f40_41xxx.o(.text)
    OTG_HS_EP1_IN_IRQHandler                 0x080003ff   Thumb Code     0  startup_stm32f40_41xxx.o(.text)
    OTG_HS_EP1_OUT_IRQHandler                0x080003ff   Thumb Code     0  startup_stm32f40_41xxx.o(.text)
    OTG_HS_IRQHandler                        0x080003ff   Thumb Code     0  startup_stm32f40_41xxx.o(.text)
    OTG_HS_WKUP_IRQHandler                   0x080003ff   Thumb Code     0  startup_stm32f40_41xxx.o(.text)
    PVD_IRQHandler                           0x080003ff   Thumb Code     0  startup_stm32f40_41xxx.o(.text)
    RCC_IRQHandler                           0x080003ff   Thumb Code     0  startup_stm32f40_41xxx.o(.text)
    RTC_Alarm_IRQHandler                     0x080003ff   Thumb Code     0  startup_stm32f40_41xxx.o(.text)
    RTC_WKUP_IRQHandler                      0x080003ff   Thumb Code     0  startup_stm32f40_41xxx.o(.text)
    SDIO_IRQHandler                          0x080003ff   Thumb Code     0  startup_stm32f40_41xxx.o(.text)
    SPI1_IRQHandler                          0x080003ff   Thumb Code     0  startup_stm32f40_41xxx.o(.text)
    SPI2_IRQHandler                          0x080003ff   Thumb Code     0  startup_stm32f40_41xxx.o(.text)
    SPI3_IRQHandler                          0x080003ff   Thumb Code     0  startup_stm32f40_41xxx.o(.text)
    TAMP_STAMP_IRQHandler                    0x080003ff   Thumb Code     0  startup_stm32f40_41xxx.o(.text)
    TIM1_BRK_TIM9_IRQHandler                 0x080003ff   Thumb Code     0  startup_stm32f40_41xxx.o(.text)
    TIM1_CC_IRQHandler                       0x080003ff   Thumb Code     0  startup_stm32f40_41xxx.o(.text)
    TIM1_TRG_COM_TIM11_IRQHandler            0x080003ff   Thumb Code     0  startup_stm32f40_41xxx.o(.text)
    TIM1_UP_TIM10_IRQHandler                 0x080003ff   Thumb Code     0  startup_stm32f40_41xxx.o(.text)
    TIM2_IRQHandler                          0x080003ff   Thumb Code     0  startup_stm32f40_41xxx.o(.text)
    TIM3_IRQHandler                          0x080003ff   Thumb Code     0  startup_stm32f40_41xxx.o(.text)
    TIM4_IRQHandler                          0x080003ff   Thumb Code     0  startup_stm32f40_41xxx.o(.text)
    TIM5_IRQHandler                          0x080003ff   Thumb Code     0  startup_stm32f40_41xxx.o(.text)
    TIM6_DAC_IRQHandler                      0x080003ff   Thumb Code     0  startup_stm32f40_41xxx.o(.text)
    TIM7_IRQHandler                          0x080003ff   Thumb Code     0  startup_stm32f40_41xxx.o(.text)
    TIM8_BRK_TIM12_IRQHandler                0x080003ff   Thumb Code     0  startup_stm32f40_41xxx.o(.text)
    TIM8_CC_IRQHandler                       0x080003ff   Thumb Code     0  startup_stm32f40_41xxx.o(.text)
    TIM8_TRG_COM_TIM14_IRQHandler            0x080003ff   Thumb Code     0  startup_stm32f40_41xxx.o(.text)
    TIM8_UP_TIM13_IRQHandler                 0x080003ff   Thumb Code     0  startup_stm32f40_41xxx.o(.text)
    UART5_IRQHandler                         0x080003ff   Thumb Code     0  startup_stm32f40_41xxx.o(.text)
    USART1_IRQHandler                        0x080003ff   Thumb Code     0  startup_stm32f40_41xxx.o(.text)
    USART2_IRQHandler                        0x080003ff   Thumb Code     0  startup_stm32f40_41xxx.o(.text)
    USART3_IRQHandler                        0x080003ff   Thumb Code     0  startup_stm32f40_41xxx.o(.text)
    USART6_IRQHandler                        0x080003ff   Thumb Code     0  startup_stm32f40_41xxx.o(.text)
    WWDG_IRQHandler                          0x080003ff   Thumb Code     0  startup_stm32f40_41xxx.o(.text)
    __user_initial_stackheap                 0x08000401   Thumb Code     0  startup_stm32f40_41xxx.o(.text)
    __user_libspace                          0x08000425   Thumb Code     8  libspace.o(.text)
    __user_perproc_libspace                  0x08000425   Thumb Code     0  libspace.o(.text)
    exit                                     0x0800042d   Thumb Code    18  exit.o(.text)
    __use_two_region_memory                  0x0800043f   Thumb Code     2  heapauxi.o(.text)
    __rt_heap_escrow$2region                 0x08000441   Thumb Code     2  heapauxi.o(.text)
    __rt_heap_expand$2region                 0x08000443   Thumb Code     2  heapauxi.o(.text)
    _sys_exit                                0x08000445   Thumb Code     8  sys_exit.o(.text)
    __user_setup_stackheap                   0x08000451   Thumb Code    74  sys_stackheap_outer.o(.text)
    __I$use$semihosting                      0x0800049b   Thumb Code     0  use_no_semi.o(.text)
    __use_no_semihosting_swi                 0x0800049b   Thumb Code     2  use_no_semi.o(.text)
    SVC_Count                                0x0800049c   Data           4  svc_table.o(SVC_TABLE)
    __semihosting_library_function           0x0800049d   Thumb Code     0  indicate_semi.o(.text)
    GPIO_Init                                0x080004a1   Thumb Code   144  stm32f4xx_gpio.o(i.GPIO_Init)
    SVC_Table                                0x080004a0   Data           0  svc_table.o(SVC_TABLE)
    GPIO_PinAFConfig                         0x08000531   Thumb Code    70  stm32f4xx_gpio.o(i.GPIO_PinAFConfig)
    GPIO_ToggleBits                          0x08000577   Thumb Code     8  stm32f4xx_gpio.o(i.GPIO_ToggleBits)
    NVIC_Init                                0x08000581   Thumb Code   106  misc.o(i.NVIC_Init)
    RCC_AHB1PeriphClockCmd                   0x080005f9   Thumb Code    26  stm32f4xx_rcc.o(i.RCC_AHB1PeriphClockCmd)
    RCC_APB1PeriphClockCmd                   0x08000619   Thumb Code    26  stm32f4xx_rcc.o(i.RCC_APB1PeriphClockCmd)
    RCC_GetClocksFreq                        0x08000639   Thumb Code   214  stm32f4xx_rcc.o(i.RCC_GetClocksFreq)
    SystemInit                               0x0800080d   Thumb Code    88  system_stm32f4xx.o(i.SystemInit)
    UART4_IRQHandler                         0x08000875   Thumb Code   104  main.o(i.UART4_IRQHandler)
    USART_ClearITPendingBit                  0x080008f1   Thumb Code    30  stm32f4xx_usart.o(i.USART_ClearITPendingBit)
    USART_Cmd                                0x0800090f   Thumb Code    24  stm32f4xx_usart.o(i.USART_Cmd)
    USART_GetITStatus                        0x08000927   Thumb Code    84  stm32f4xx_usart.o(i.USART_GetITStatus)
    USART_ITConfig                           0x0800097b   Thumb Code    74  stm32f4xx_usart.o(i.USART_ITConfig)
    USART_Init                               0x080009c5   Thumb Code   204  stm32f4xx_usart.o(i.USART_Init)
    USART_ReceiveData                        0x08000a99   Thumb Code    10  stm32f4xx_usart.o(i.USART_ReceiveData)
    USART_SendData                           0x08000aa3   Thumb Code     8  stm32f4xx_usart.o(i.USART_SendData)
    _init_box                                0x08000aab   Thumb Code    70  rt_membox.o(i._init_box)
    _mutex_acquire                           0x08000af1   Thumb Code    22  rtx_conf_cm.o(i._mutex_acquire)
    _mutex_release                           0x08000b11   Thumb Code    18  rtx_conf_cm.o(i._mutex_release)
    config_Hardware_LEDs                     0x08000b2d   Thumb Code    50  main.o(i.config_Hardware_LEDs)
    config_UART4                             0x08000b65   Thumb Code   206  main.o(i.config_UART4)
    dbg_init                                 0x08000c3d   Thumb Code    34  hal_cm.o(i.dbg_init)
    dbg_task_notify                          0x08000c6d   Thumb Code    32  hal_cm.o(i.dbg_task_notify)
    dbg_task_switch                          0x08000c8d   Thumb Code    16  hal_cm.o(i.dbg_task_switch)
    isrMessageGet                            0x08000c9d   Thumb Code    42  rt_cmsis.o(i.isrMessageGet)
    isrMessagePut                            0x08000cc7   Thumb Code    44  rt_cmsis.o(i.isrMessagePut)
    isrSignalSet                             0x08000cf3   Thumb Code    36  rt_cmsis.o(i.isrSignalSet)
    isr_evt_set                              0x08000d19   Thumb Code    34  rt_event.o(i.isr_evt_set)
    isr_mbx_receive                          0x08000d41   Thumb Code    86  rt_mailbox.o(i.isr_mbx_receive)
    isr_mbx_send                             0x08000d97   Thumb Code    14  rt_mailbox.o(i.isr_mbx_send)
    main                                     0x08000da5   Thumb Code    64  main.o(i.main)
    osDelay                                  0x08000df5   Thumb Code    18  rt_cmsis.o(i.osDelay)
    osKernelInitialize                       0x08000e0d   Thumb Code    30  rt_cmsis.o(i.osKernelInitialize)
    osKernelStart                            0x08000e31   Thumb Code    98  rt_cmsis.o(i.osKernelStart)
    osMessageGet                             0x08000e9d   Thumb Code    18  rt_cmsis.o(i.osMessageGet)
    osSignalSet                              0x08000eb5   Thumb Code    18  rt_cmsis.o(i.osSignalSet)
    osSignalWait                             0x08000ecd   Thumb Code    18  rt_cmsis.o(i.osSignalWait)
    osThreadCreate                           0x08000ee5   Thumb Code    36  rt_cmsis.o(i.osThreadCreate)
    osThreadExit                             0x08000f11   Thumb Code    14  rt_cmsis.o(i.osThreadExit)
    osTimerCall                              0x08000f29   Thumb Code     8  rt_cmsis.o(i.osTimerCall)
    osTimerThread                            0x08000f35   Thumb Code    38  rt_cmsis.o(i.osTimerThread)
    os_error                                 0x08000f61   Thumb Code    34  rtx_conf_cm.o(i.os_error)
    os_idle_demon                            0x08000f83   Thumb Code     4  rtx_conf_cm.o(i.os_idle_demon)
    os_tick_init                             0x08000f89   Thumb Code    32  rt_system.o(i.os_tick_init)
    os_tick_irqack                           0x08000fb1   Thumb Code     2  rt_system.o(i.os_tick_irqack)
    rt_alloc_box                             0x08000fb3   Thumb Code    26  rt_membox.o(i.rt_alloc_box)
    rt_alloc_mem                             0x08000fcd   Thumb Code    62  rt_memory.o(i.rt_alloc_mem)
    rt_block                                 0x0800100d   Thumb Code    48  rt_task.o(i.rt_block)
    rt_chk_robin                             0x08001045   Thumb Code    60  rt_robin.o(i.rt_chk_robin)
    rt_dec_dly                               0x0800108d   Thumb Code   102  rt_list.o(i.rt_dec_dly)
    rt_dispatch                              0x080010fd   Thumb Code    60  rt_task.o(i.rt_dispatch)
    rt_dly_wait                              0x08001141   Thumb Code     6  rt_time.o(i.rt_dly_wait)
    rt_evt_psh                               0x08001149   Thumb Code    76  rt_event.o(i.rt_evt_psh)
    rt_evt_set                               0x08001199   Thumb Code    88  rt_event.o(i.rt_evt_set)
    rt_evt_wait                              0x080011f5   Thumb Code    56  rt_event.o(i.rt_evt_wait)
    rt_free_box                              0x08001231   Thumb Code    44  rt_membox.o(i.rt_free_box)
    rt_free_mem                              0x0800125d   Thumb Code    40  rt_memory.o(i.rt_free_mem)
    rt_get_first                             0x08001285   Thumb Code    40  rt_list.o(i.rt_get_first)
    rt_init_mem                              0x080012fd   Thumb Code    26  rt_memory.o(i.rt_init_mem)
    rt_init_robin                            0x08001319   Thumb Code    14  rt_robin.o(i.rt_init_robin)
    rt_init_stack                            0x08001331   Thumb Code   118  hal_cm.o(i.rt_init_stack)
    rt_mbx_check                             0x080013b1   Thumb Code     8  rt_mailbox.o(i.rt_mbx_check)
    rt_mbx_init                              0x080013b9   Thumb Code    26  rt_mailbox.o(i.rt_mbx_init)
    rt_mbx_psh                               0x080013d5   Thumb Code   236  rt_mailbox.o(i.rt_mbx_psh)
    rt_mbx_wait                              0x080014c5   Thumb Code   174  rt_mailbox.o(i.rt_mbx_wait)
    rt_mut_release                           0x080015bd   Thumb Code   208  rt_mutex.o(i.rt_mut_release)
    rt_mut_wait                              0x08001695   Thumb Code   114  rt_mutex.o(i.rt_mut_wait)
    rt_pop_req                               0x0800170d   Thumb Code   112  rt_system.o(i.rt_pop_req)
    rt_psh_req                               0x08001789   Thumb Code    22  rt_system.o(i.rt_psh_req)
    rt_psq_enq                               0x080017a9   Thumb Code    88  rt_list.o(i.rt_psq_enq)
    rt_put_dly                               0x08001805   Thumb Code    68  rt_list.o(i.rt_put_dly)
    rt_put_prio                              0x0800184d   Thumb Code    54  rt_list.o(i.rt_put_prio)
    rt_put_rdy_first                         0x08001885   Thumb Code    14  rt_list.o(i.rt_put_rdy_first)
    rt_resort_prio                           0x08001899   Thumb Code    46  rt_list.o(i.rt_resort_prio)
    rt_ret_val                               0x080018dd   Thumb Code    12  hal_cm.o(i.rt_ret_val)
    rt_ret_val2                              0x080018e9   Thumb Code    16  hal_cm.o(i.rt_ret_val2)
    rt_rmv_dly                               0x080018f9   Thumb Code    40  rt_list.o(i.rt_rmv_dly)
    rt_rmv_list                              0x08001921   Thumb Code    44  rt_list.o(i.rt_rmv_list)
    rt_sem_psh                               0x08001951   Thumb Code    48  rt_semaphore.o(i.rt_sem_psh)
    rt_stk_check                             0x08001985   Thumb Code    28  rt_system.o(i.rt_stk_check)
    rt_switch_req                            0x080019a9   Thumb Code    30  rt_task.o(i.rt_switch_req)
    rt_sys_init                              0x080019d1   Thumb Code   138  rt_task.o(i.rt_sys_init)
    rt_sys_start                             0x08001a9d   Thumb Code   110  rt_task.o(i.rt_sys_start)
    rt_systick                               0x08001b15   Thumb Code    50  rt_system.o(i.rt_systick)
    rt_tsk_create                            0x08001b9d   Thumb Code   118  rt_task.o(i.rt_tsk_create)
    rt_tsk_delete                            0x08001c25   Thumb Code   352  rt_task.o(i.rt_tsk_delete)
    rt_tsk_prio                              0x08001da1   Thumb Code   108  rt_task.o(i.rt_tsk_prio)
    rt_tsk_self                              0x08001e1d   Thumb Code    12  rt_task.o(i.rt_tsk_self)
    send_Thread_Fnc                          0x08001e2d   Thumb Code    74  main.o(i.send_Thread_Fnc)
    svcDelay                                 0x08001e85   Thumb Code    18  rt_cmsis.o(i.svcDelay)
    svcKernelInitialize                      0x08001e99   Thumb Code    80  rt_cmsis.o(i.svcKernelInitialize)
    svcKernelStart                           0x08001f09   Thumb Code    62  rt_cmsis.o(i.svcKernelStart)
    svcMessageCreate                         0x08001f51   Thumb Code    36  rt_cmsis.o(i.svcMessageCreate)
    svcMessageGet                            0x08001f75   Thumb Code    58  rt_cmsis.o(i.svcMessageGet)
    svcSignalSet                             0x08001faf   Thumb Code    36  rt_cmsis.o(i.svcSignalSet)
    svcSignalWait                            0x08001fd5   Thumb Code    80  rt_cmsis.o(i.svcSignalWait)
    svcThreadCreate                          0x08002029   Thumb Code    96  rt_cmsis.o(i.svcThreadCreate)
    svcThreadGetId                           0x08002095   Thumb Code    22  rt_cmsis.o(i.svcThreadGetId)
    svcThreadTerminate                       0x080020b1   Thumb Code    50  rt_cmsis.o(i.svcThreadTerminate)
    svcTimerCall                             0x080020e9   Thumb Code    24  rt_cmsis.o(i.svcTimerCall)
    sysTimerTick                             0x08002101   Thumb Code    84  rt_cmsis.o(i.sysTimerTick)
    _fp_init                                 0x0800215d   Thumb Code    10  fpinit.o(x$fpl$fpinit)
    __fplib_config_fpu_vfp                   0x08002165   Thumb Code     0  fpinit.o(x$fpl$fpinit)
    __fplib_config_pureend_doubles           0x08002165   Thumb Code     0  fpinit.o(x$fpl$fpinit)
    os_thread_def_send_Thread_Fnc            0x08002168   Data          16  main.o(.constdata)
    os_maxtaskrun                            0x08002178   Data           2  rtx_conf_cm.o(.constdata)
    os_stackinfo                             0x0800217c   Data           4  rtx_conf_cm.o(.constdata)
    os_rrobin                                0x08002180   Data           4  rtx_conf_cm.o(.constdata)
    os_tickfreq                              0x08002184   Data           4  rtx_conf_cm.o(.constdata)
    os_tickus_i                              0x08002188   Data           2  rtx_conf_cm.o(.constdata)
    os_tickus_f                              0x0800218a   Data           2  rtx_conf_cm.o(.constdata)
    os_trv                                   0x0800218c   Data           4  rtx_conf_cm.o(.constdata)
    os_flags                                 0x08002190   Data           1  rtx_conf_cm.o(.constdata)
    CMSIS_RTOS_API_Version                   0x08002194   Data           4  rtx_conf_cm.o(.constdata)
    CMSIS_RTOS_RTX_Version                   0x08002198   Data           4  rtx_conf_cm.o(.constdata)
    os_clockrate                             0x0800219c   Data           4  rtx_conf_cm.o(.constdata)
    os_timernum                              0x080021a0   Data           4  rtx_conf_cm.o(.constdata)
    mp_tcb_size                              0x080021a4   Data           2  rtx_conf_cm.o(.constdata)
    mp_stk_size                              0x080021a8   Data           4  rtx_conf_cm.o(.constdata)
    os_stack_sz                              0x080021ac   Data           4  rtx_conf_cm.o(.constdata)
    os_fifo_size                             0x080021b0   Data           1  rtx_conf_cm.o(.constdata)
    os_thread_def_osTimerThread              0x080021b4   Data          16  rtx_conf_cm.o(.constdata)
    os_messageQ_def_osTimerMessageQ          0x080021c4   Data           8  rtx_conf_cm.o(.constdata)
    mp_tmr_size                              0x080021cc   Data           2  rtx_conf_cm.o(.constdata)
    os_thread_def_main                       0x080021d0   Data          16  rtx_conf_cm.o(.constdata)
    Region$$Table$$Base                      0x080021e0   Number         0  anon$$obj.o(Region$$Table)
    Region$$Table$$Limit                     0x08002200   Number         0  anon$$obj.o(Region$$Table)
    send_Thread                              0x20000000   Data           4  main.o(.data)
    array_byte                               0x20000004   Data           1  main.o(.data)
    array_Cnt                                0x20000006   Data           2  main.o(.data)
    osThreadId_osTimerThread                 0x20000008   Data           4  rtx_conf_cm.o(.data)
    osMessageQId_osTimerMessageQ             0x2000000c   Data           4  rtx_conf_cm.o(.data)
    os_tmr                                   0x20000010   Data           4  rtx_conf_cm.o(.data)
    m_tmr                                    0x20000014   Data           4  rtx_conf_cm.o(.data)
    os_initialized                           0x2000002c   Data           1  rt_cmsis.o(.data)
    os_running                               0x2000002d   Data           1  rt_cmsis.o(.data)
    os_timer_head                            0x20000030   Data           4  rt_cmsis.o(.data)
    os_tsk                                   0x20000034   Data           8  rt_task.o(.data)
    os_tick_irqn                             0x20000040   Data           4  rt_system.o(.data)
    os_time                                  0x20000044   Data           4  rt_time.o(.data)
    os_robin                                 0x20000048   Data           8  rt_robin.o(.data)
    dbg_msg                                  0x20000050   Data           1  hal_cm.o(.data)
    array                                    0x20000054   Data          10  main.o(.bss)
    mp_tcb                                   0x20000060   Data         376  rtx_conf_cm.o(.bss)
    mp_stk                                   0x200001d8   Data        1216  rtx_conf_cm.o(.bss)
    os_stack_mem                             0x20000698   Data         432  rtx_conf_cm.o(.bss)
    os_fifo                                  0x20000848   Data         132  rtx_conf_cm.o(.bss)
    os_active_TCB                            0x200008cc   Data          28  rtx_conf_cm.o(.bss)
    os_messageQ_q_osTimerMessageQ            0x200008e8   Data          32  rtx_conf_cm.o(.bss)
    os_idle_TCB                              0x20000c28   Data          52  rt_task.o(.bss)
    os_rdy                                   0x20000c5c   Data          24  rt_list.o(.bss)
    os_dly                                   0x20000c74   Data          24  rt_list.o(.bss)
    __libspace_start                         0x20000c8c   Data          96  libspace.o(.bss)
    __temporary_stack_top$libspace           0x20000cec   Data           0  libspace.o(.bss)



==============================================================================

Memory Map of the image

  Image Entry point : 0x080003e5

  Load Region LR_1 (Base: 0x08000000, Size: 0x00002254, Max: 0xffffffff, ABSOLUTE)

    Execution Region ER_RO (Exec base: 0x08000000, Load base: 0x08000000, Size: 0x00002200, Max: 0xffffffff, ABSOLUTE)

    Exec Addr    Load Addr    Size         Type   Attr      Idx    E Section Name        Object

    0x08000000   0x08000000   0x00000188   Data   RO          845    RESET               startup_stm32f40_41xxx.o
    0x08000188   0x08000188   0x00000008   Code   RO         2118  * !!!main             c_w.l(__main.o)
    0x08000190   0x08000190   0x00000034   Code   RO         2279    !!!scatter          c_w.l(__scatter.o)
    0x080001c4   0x080001c4   0x0000001a   Code   RO         2281    !!handler_copy      c_w.l(__scatter_copy.o)
    0x080001de   0x080001de   0x00000002   PAD
    0x080001e0   0x080001e0   0x0000001c   Code   RO         2283    !!handler_zi        c_w.l(__scatter_zi.o)
    0x080001fc   0x080001fc   0x00000002   Code   RO         2165    .ARM.Collect$$libinit$$00000000  c_w.l(libinit.o)
    0x080001fe   0x080001fe   0x00000004   Code   RO         2176    .ARM.Collect$$libinit$$00000001  c_w.l(libinit2.o)
    0x08000202   0x08000202   0x00000000   Code   RO         2179    .ARM.Collect$$libinit$$00000004  c_w.l(libinit2.o)
    0x08000202   0x08000202   0x00000000   Code   RO         2182    .ARM.Collect$$libinit$$0000000A  c_w.l(libinit2.o)
    0x08000202   0x08000202   0x00000000   Code   RO         2184    .ARM.Collect$$libinit$$0000000C  c_w.l(libinit2.o)
    0x08000202   0x08000202   0x00000000   Code   RO         2186    .ARM.Collect$$libinit$$0000000E  c_w.l(libinit2.o)
    0x08000202   0x08000202   0x00000000   Code   RO         2189    .ARM.Collect$$libinit$$00000011  c_w.l(libinit2.o)
    0x08000202   0x08000202   0x00000000   Code   RO         2191    .ARM.Collect$$libinit$$00000013  c_w.l(libinit2.o)
    0x08000202   0x08000202   0x00000000   Code   RO         2193    .ARM.Collect$$libinit$$00000015  c_w.l(libinit2.o)
    0x08000202   0x08000202   0x00000000   Code   RO         2195    .ARM.Collect$$libinit$$00000017  c_w.l(libinit2.o)
    0x08000202   0x08000202   0x00000000   Code   RO         2197    .ARM.Collect$$libinit$$00000019  c_w.l(libinit2.o)
    0x08000202   0x08000202   0x00000000   Code   RO         2199    .ARM.Collect$$libinit$$0000001B  c_w.l(libinit2.o)
    0x08000202   0x08000202   0x00000000   Code   RO         2201    .ARM.Collect$$libinit$$0000001D  c_w.l(libinit2.o)
    0x08000202   0x08000202   0x00000000   Code   RO         2203    .ARM.Collect$$libinit$$0000001F  c_w.l(libinit2.o)
    0x08000202   0x08000202   0x00000000   Code   RO         2205    .ARM.Collect$$libinit$$00000021  c_w.l(libinit2.o)
    0x08000202   0x08000202   0x00000000   Code   RO         2207    .ARM.Collect$$libinit$$00000023  c_w.l(libinit2.o)
    0x08000202   0x08000202   0x00000000   Code   RO         2209    .ARM.Collect$$libinit$$00000025  c_w.l(libinit2.o)
    0x08000202   0x08000202   0x00000000   Code   RO         2213    .ARM.Collect$$libinit$$0000002C  c_w.l(libinit2.o)
    0x08000202   0x08000202   0x00000000   Code   RO         2215    .ARM.Collect$$libinit$$0000002E  c_w.l(libinit2.o)
    0x08000202   0x08000202   0x00000000   Code   RO         2217    .ARM.Collect$$libinit$$00000030  c_w.l(libinit2.o)
    0x08000202   0x08000202   0x00000000   Code   RO         2219    .ARM.Collect$$libinit$$00000032  c_w.l(libinit2.o)
    0x08000202   0x08000202   0x00000002   Code   RO         2220    .ARM.Collect$$libinit$$00000033  c_w.l(libinit2.o)
    0x08000204   0x08000204   0x00000002   Code   RO         2166    .ARM.Collect$$libshutdown$$00000000  c_w.l(libshutdown.o)
    0x08000206   0x08000206   0x00000000   Code   RO         2222    .ARM.Collect$$libshutdown$$00000002  c_w.l(libshutdown2.o)
    0x08000206   0x08000206   0x00000000   Code   RO         2224    .ARM.Collect$$libshutdown$$00000004  c_w.l(libshutdown2.o)
    0x08000206   0x08000206   0x00000000   Code   RO         2227    .ARM.Collect$$libshutdown$$00000007  c_w.l(libshutdown2.o)
    0x08000206   0x08000206   0x00000000   Code   RO         2230    .ARM.Collect$$libshutdown$$0000000A  c_w.l(libshutdown2.o)
    0x08000206   0x08000206   0x00000000   Code   RO         2232    .ARM.Collect$$libshutdown$$0000000C  c_w.l(libshutdown2.o)
    0x08000206   0x08000206   0x00000000   Code   RO         2235    .ARM.Collect$$libshutdown$$0000000F  c_w.l(libshutdown2.o)
    0x08000206   0x08000206   0x00000002   Code   RO         2236    .ARM.Collect$$libshutdown$$00000010  c_w.l(libshutdown2.o)
    0x08000208   0x08000208   0x00000000   Code   RO         2120    .ARM.Collect$$rtentry$$00000000  c_w.l(__rtentry.o)
    0x08000208   0x08000208   0x00000000   Code   RO         2128    .ARM.Collect$$rtentry$$00000002  c_w.l(__rtentry2.o)
    0x08000208   0x08000208   0x00000006   Code   RO         2140    .ARM.Collect$$rtentry$$00000004  c_w.l(__rtentry4.o)
    0x0800020e   0x0800020e   0x00000000   Code   RO         2130    .ARM.Collect$$rtentry$$00000009  c_w.l(__rtentry2.o)
    0x0800020e   0x0800020e   0x00000004   Code   RO         2131    .ARM.Collect$$rtentry$$0000000A  c_w.l(__rtentry2.o)
    0x08000212   0x08000212   0x00000008   Code   RO         2132    .ARM.Collect$$rtentry$$0000000B  c_w.l(__rtentry2.o)
    0x0800021a   0x0800021a   0x00000008   Code   RO         2134    .ARM.Collect$$rtentry$$0000000D  c_w.l(__rtentry2.o)
    0x08000222   0x08000222   0x00000002   Code   RO         2121    .ARM.Collect$$rtexit$$00000000  c_w.l(rtexit.o)
    0x08000224   0x08000224   0x00000000   Code   RO         2143    .ARM.Collect$$rtexit$$00000002  c_w.l(rtexit2.o)
    0x08000224   0x08000224   0x00000004   Code   RO         2144    .ARM.Collect$$rtexit$$00000003  c_w.l(rtexit2.o)
    0x08000228   0x08000228   0x00000006   Code   RO         2145    .ARM.Collect$$rtexit$$00000004  c_w.l(rtexit2.o)
    0x0800022e   0x0800022e   0x00000002   PAD
    0x08000230   0x08000230   0x0000001c   Code   RO          111    .emb_text           rtx_conf_cm.o
    0x0800024c   0x0800024c   0x00000198   Code   RO         2094    .emb_text           RTX_CM4.lib(hal_cm4.o)
    0x080003e4   0x080003e4   0x00000040   Code   RO          846  * .text               startup_stm32f40_41xxx.o
    0x08000424   0x08000424   0x00000008   Code   RO         2109    .text               c_w.l(libspace.o)
    0x0800042c   0x0800042c   0x00000012   Code   RO         2114    .text               c_w.l(exit.o)
    0x0800043e   0x0800043e   0x00000006   Code   RO         2116    .text               c_w.l(heapauxi.o)
    0x08000444   0x08000444   0x0000000c   Code   RO         2151    .text               c_w.l(sys_exit.o)
    0x08000450   0x08000450   0x0000004a   Code   RO         2153    .text               c_w.l(sys_stackheap_outer.o)
    0x0800049a   0x0800049a   0x00000002   Code   RO         2167    .text               c_w.l(use_no_semi.o)
    0x0800049c   0x0800049c   0x00000000   Code   RO         2169    .text               c_w.l(indicate_semi.o)
    0x0800049c   0x0800049c   0x00000004   Code   RO         2104    SVC_TABLE           RTX_CM4.lib(svc_table.o)
    0x080004a0   0x080004a0   0x00000090   Code   RO          221    i.GPIO_Init         stm32f4xx_gpio.o
    0x08000530   0x08000530   0x00000046   Code   RO          222    i.GPIO_PinAFConfig  stm32f4xx_gpio.o
    0x08000576   0x08000576   0x00000008   Code   RO          231    i.GPIO_ToggleBits   stm32f4xx_gpio.o
    0x0800057e   0x0800057e   0x00000002   PAD
    0x08000580   0x08000580   0x00000078   Code   RO          172    i.NVIC_Init         misc.o
    0x080005f8   0x080005f8   0x00000020   Code   RO          322    i.RCC_AHB1PeriphClockCmd  stm32f4xx_rcc.o
    0x08000618   0x08000618   0x00000020   Code   RO          331    i.RCC_APB1PeriphClockCmd  stm32f4xx_rcc.o
    0x08000638   0x08000638   0x000000e8   Code   RO          343    i.RCC_GetClocksFreq  stm32f4xx_rcc.o
    0x08000720   0x08000720   0x000000ec   Code   RO          853    i.SetSysClock       system_stm32f4xx.o
    0x0800080c   0x0800080c   0x00000068   Code   RO          855    i.SystemInit        system_stm32f4xx.o
    0x08000874   0x08000874   0x0000007c   Code   RO            4    i.UART4_IRQHandler  main.o
    0x080008f0   0x080008f0   0x0000001e   Code   RO          655    i.USART_ClearITPendingBit  stm32f4xx_usart.o
    0x0800090e   0x0800090e   0x00000018   Code   RO          658    i.USART_Cmd         stm32f4xx_usart.o
    0x08000926   0x08000926   0x00000054   Code   RO          662    i.USART_GetITStatus  stm32f4xx_usart.o
    0x0800097a   0x0800097a   0x0000004a   Code   RO          664    i.USART_ITConfig    stm32f4xx_usart.o
    0x080009c4   0x080009c4   0x000000d4   Code   RO          665    i.USART_Init        stm32f4xx_usart.o
    0x08000a98   0x08000a98   0x0000000a   Code   RO          672    i.USART_ReceiveData  stm32f4xx_usart.o
    0x08000aa2   0x08000aa2   0x00000008   Code   RO          675    i.USART_SendData    stm32f4xx_usart.o
    0x08000aaa   0x08000aaa   0x00000046   Code   RO         1988    i._init_box         RTX_CM4.lib(rt_membox.o)
    0x08000af0   0x08000af0   0x00000020   Code   RO          113    i._mutex_acquire    rtx_conf_cm.o
    0x08000b10   0x08000b10   0x0000001c   Code   RO          115    i._mutex_release    rtx_conf_cm.o
    0x08000b2c   0x08000b2c   0x00000038   Code   RO            5    i.config_Hardware_LEDs  main.o
    0x08000b64   0x08000b64   0x000000d8   Code   RO            6    i.config_UART4      main.o
    0x08000c3c   0x08000c3c   0x00000030   Code   RO         2041    i.dbg_init          RTX_CM4.lib(hal_cm.o)
    0x08000c6c   0x08000c6c   0x00000020   Code   RO         2042    i.dbg_task_notify   RTX_CM4.lib(hal_cm.o)
    0x08000c8c   0x08000c8c   0x00000010   Code   RO         2043    i.dbg_task_switch   RTX_CM4.lib(hal_cm.o)
    0x08000c9c   0x08000c9c   0x0000002a   Code   RO          894    i.isrMessageGet     RTX_CM4.lib(rt_cmsis.o)
    0x08000cc6   0x08000cc6   0x0000002c   Code   RO          895    i.isrMessagePut     RTX_CM4.lib(rt_cmsis.o)
    0x08000cf2   0x08000cf2   0x00000024   Code   RO          897    i.isrSignalSet      RTX_CM4.lib(rt_cmsis.o)
    0x08000d16   0x08000d16   0x00000002   PAD
    0x08000d18   0x08000d18   0x00000028   Code   RO         1725    i.isr_evt_set       RTX_CM4.lib(rt_event.o)
    0x08000d40   0x08000d40   0x00000056   Code   RO         1843    i.isr_mbx_receive   RTX_CM4.lib(rt_mailbox.o)
    0x08000d96   0x08000d96   0x0000000e   Code   RO         1844    i.isr_mbx_send      RTX_CM4.lib(rt_mailbox.o)
    0x08000da4   0x08000da4   0x00000050   Code   RO            7    i.main              main.o
    0x08000df4   0x08000df4   0x00000018   Code   RO          898    i.osDelay           RTX_CM4.lib(rt_cmsis.o)
    0x08000e0c   0x08000e0c   0x00000024   Code   RO          899    i.osKernelInitialize  RTX_CM4.lib(rt_cmsis.o)
    0x08000e30   0x08000e30   0x0000006c   Code   RO          901    i.osKernelStart     RTX_CM4.lib(rt_cmsis.o)
    0x08000e9c   0x08000e9c   0x00000018   Code   RO          910    i.osMessageGet      RTX_CM4.lib(rt_cmsis.o)
    0x08000eb4   0x08000eb4   0x00000018   Code   RO          925    i.osSignalSet       RTX_CM4.lib(rt_cmsis.o)
    0x08000ecc   0x08000ecc   0x00000018   Code   RO          926    i.osSignalWait      RTX_CM4.lib(rt_cmsis.o)
    0x08000ee4   0x08000ee4   0x0000002c   Code   RO          927    i.osThreadCreate    RTX_CM4.lib(rt_cmsis.o)
    0x08000f10   0x08000f10   0x00000018   Code   RO          928    i.osThreadExit      RTX_CM4.lib(rt_cmsis.o)
    0x08000f28   0x08000f28   0x0000000c   Code   RO          934    i.osTimerCall       RTX_CM4.lib(rt_cmsis.o)
    0x08000f34   0x08000f34   0x0000002c   Code   RO          939    i.osTimerThread     RTX_CM4.lib(rt_cmsis.o)
    0x08000f60   0x08000f60   0x00000022   Code   RO          116    i.os_error          rtx_conf_cm.o
    0x08000f82   0x08000f82   0x00000004   Code   RO          117    i.os_idle_demon     rtx_conf_cm.o
    0x08000f86   0x08000f86   0x00000002   PAD
    0x08000f88   0x08000f88   0x00000028   Code   RO         1635    i.os_tick_init      RTX_CM4.lib(rt_system.o)
    0x08000fb0   0x08000fb0   0x00000002   Code   RO         1636    i.os_tick_irqack    RTX_CM4.lib(rt_system.o)
    0x08000fb2   0x08000fb2   0x0000001a   Code   RO         1989    i.rt_alloc_box      RTX_CM4.lib(rt_membox.o)
    0x08000fcc   0x08000fcc   0x0000003e   Code   RO         2017    i.rt_alloc_mem      RTX_CM4.lib(rt_memory.o)
    0x0800100a   0x0800100a   0x00000002   PAD
    0x0800100c   0x0800100c   0x00000038   Code   RO         1516    i.rt_block          RTX_CM4.lib(rt_task.o)
    0x08001044   0x08001044   0x00000048   Code   RO         1966    i.rt_chk_robin      RTX_CM4.lib(rt_robin.o)
    0x0800108c   0x0800108c   0x00000070   Code   RO         1767    i.rt_dec_dly        RTX_CM4.lib(rt_list.o)
    0x080010fc   0x080010fc   0x00000044   Code   RO         1517    i.rt_dispatch       RTX_CM4.lib(rt_task.o)
    0x08001140   0x08001140   0x00000006   Code   RO         1933    i.rt_dly_wait       RTX_CM4.lib(rt_time.o)
    0x08001146   0x08001146   0x00000002   PAD
    0x08001148   0x08001148   0x00000050   Code   RO         1728    i.rt_evt_psh        RTX_CM4.lib(rt_event.o)
    0x08001198   0x08001198   0x0000005c   Code   RO         1729    i.rt_evt_set        RTX_CM4.lib(rt_event.o)
    0x080011f4   0x080011f4   0x0000003c   Code   RO         1730    i.rt_evt_wait       RTX_CM4.lib(rt_event.o)
    0x08001230   0x08001230   0x0000002c   Code   RO         1990    i.rt_free_box       RTX_CM4.lib(rt_membox.o)
    0x0800125c   0x0800125c   0x00000028   Code   RO         2018    i.rt_free_mem       RTX_CM4.lib(rt_memory.o)
    0x08001284   0x08001284   0x00000028   Code   RO         1768    i.rt_get_first      RTX_CM4.lib(rt_list.o)
    0x080012ac   0x080012ac   0x00000008   Code   RO          944    i.rt_id2obj         RTX_CM4.lib(rt_cmsis.o)
    0x080012b4   0x080012b4   0x00000048   Code   RO         1518    i.rt_init_context   RTX_CM4.lib(rt_task.o)
    0x080012fc   0x080012fc   0x0000001a   Code   RO         2019    i.rt_init_mem       RTX_CM4.lib(rt_memory.o)
    0x08001316   0x08001316   0x00000002   PAD
    0x08001318   0x08001318   0x00000018   Code   RO         1967    i.rt_init_robin     RTX_CM4.lib(rt_robin.o)
    0x08001330   0x08001330   0x00000080   Code   RO         2044    i.rt_init_stack     RTX_CM4.lib(hal_cm.o)
    0x080013b0   0x080013b0   0x00000008   Code   RO         1845    i.rt_mbx_check      RTX_CM4.lib(rt_mailbox.o)
    0x080013b8   0x080013b8   0x0000001a   Code   RO         1846    i.rt_mbx_init       RTX_CM4.lib(rt_mailbox.o)
    0x080013d2   0x080013d2   0x00000002   PAD
    0x080013d4   0x080013d4   0x000000f0   Code   RO         1847    i.rt_mbx_psh        RTX_CM4.lib(rt_mailbox.o)
    0x080014c4   0x080014c4   0x000000b4   Code   RO         1849    i.rt_mbx_wait       RTX_CM4.lib(rt_mailbox.o)
    0x08001578   0x08001578   0x00000044   Code   RO          945    i.rt_ms2tick        RTX_CM4.lib(rt_cmsis.o)
    0x080015bc   0x080015bc   0x000000d8   Code   RO         1602    i.rt_mut_release    RTX_CM4.lib(rt_mutex.o)
    0x08001694   0x08001694   0x00000078   Code   RO         1603    i.rt_mut_wait       RTX_CM4.lib(rt_mutex.o)
    0x0800170c   0x0800170c   0x0000007c   Code   RO         1639    i.rt_pop_req        RTX_CM4.lib(rt_system.o)
    0x08001788   0x08001788   0x00000020   Code   RO         1640    i.rt_psh_req        RTX_CM4.lib(rt_system.o)
    0x080017a8   0x080017a8   0x0000005c   Code   RO         1770    i.rt_psq_enq        RTX_CM4.lib(rt_list.o)
    0x08001804   0x08001804   0x00000048   Code   RO         1771    i.rt_put_dly        RTX_CM4.lib(rt_list.o)
    0x0800184c   0x0800184c   0x00000036   Code   RO         1772    i.rt_put_prio       RTX_CM4.lib(rt_list.o)
    0x08001882   0x08001882   0x00000002   PAD
    0x08001884   0x08001884   0x00000014   Code   RO         1773    i.rt_put_rdy_first  RTX_CM4.lib(rt_list.o)
    0x08001898   0x08001898   0x00000034   Code   RO         1774    i.rt_resort_prio    RTX_CM4.lib(rt_list.o)
    0x080018cc   0x080018cc   0x00000010   Code   RO         2045    i.rt_ret_regs       RTX_CM4.lib(hal_cm.o)
    0x080018dc   0x080018dc   0x0000000c   Code   RO         2046    i.rt_ret_val        RTX_CM4.lib(hal_cm.o)
    0x080018e8   0x080018e8   0x00000010   Code   RO         2047    i.rt_ret_val2       RTX_CM4.lib(hal_cm.o)
    0x080018f8   0x080018f8   0x00000028   Code   RO         1775    i.rt_rmv_dly        RTX_CM4.lib(rt_list.o)
    0x08001920   0x08001920   0x00000030   Code   RO         1776    i.rt_rmv_list       RTX_CM4.lib(rt_list.o)
    0x08001950   0x08001950   0x00000034   Code   RO         1894    i.rt_sem_psh        RTX_CM4.lib(rt_semaphore.o)
    0x08001984   0x08001984   0x00000024   Code   RO         1642    i.rt_stk_check      RTX_CM4.lib(rt_system.o)
    0x080019a8   0x080019a8   0x00000028   Code   RO         1519    i.rt_switch_req     RTX_CM4.lib(rt_task.o)
    0x080019d0   0x080019d0   0x000000cc   Code   RO         1520    i.rt_sys_init       RTX_CM4.lib(rt_task.o)
    0x08001a9c   0x08001a9c   0x00000078   Code   RO         1521    i.rt_sys_start      RTX_CM4.lib(rt_task.o)
    0x08001b14   0x08001b14   0x00000040   Code   RO         1644    i.rt_systick        RTX_CM4.lib(rt_system.o)
    0x08001b54   0x08001b54   0x00000012   Code   RO          946    i.rt_tid2ptcb       RTX_CM4.lib(rt_cmsis.o)
    0x08001b66   0x08001b66   0x00000002   PAD
    0x08001b68   0x08001b68   0x00000034   Code   RO          947    i.rt_timer_insert   RTX_CM4.lib(rt_cmsis.o)
    0x08001b9c   0x08001b9c   0x00000088   Code   RO         1522    i.rt_tsk_create     RTX_CM4.lib(rt_task.o)
    0x08001c24   0x08001c24   0x0000017c   Code   RO         1523    i.rt_tsk_delete     RTX_CM4.lib(rt_task.o)
    0x08001da0   0x08001da0   0x0000007c   Code   RO         1525    i.rt_tsk_prio       RTX_CM4.lib(rt_task.o)
    0x08001e1c   0x08001e1c   0x00000010   Code   RO         1526    i.rt_tsk_self       RTX_CM4.lib(rt_task.o)
    0x08001e2c   0x08001e2c   0x00000058   Code   RO            8    i.send_Thread_Fnc   main.o
    0x08001e84   0x08001e84   0x00000012   Code   RO          949    i.svcDelay          RTX_CM4.lib(rt_cmsis.o)
    0x08001e96   0x08001e96   0x00000002   PAD
    0x08001e98   0x08001e98   0x00000070   Code   RO          950    i.svcKernelInitialize  RTX_CM4.lib(rt_cmsis.o)
    0x08001f08   0x08001f08   0x00000048   Code   RO          952    i.svcKernelStart    RTX_CM4.lib(rt_cmsis.o)
    0x08001f50   0x08001f50   0x00000024   Code   RO          955    i.svcMessageCreate  RTX_CM4.lib(rt_cmsis.o)
    0x08001f74   0x08001f74   0x0000003a   Code   RO          956    i.svcMessageGet     RTX_CM4.lib(rt_cmsis.o)
    0x08001fae   0x08001fae   0x00000024   Code   RO          968    i.svcSignalSet      RTX_CM4.lib(rt_cmsis.o)
    0x08001fd2   0x08001fd2   0x00000002   PAD
    0x08001fd4   0x08001fd4   0x00000054   Code   RO          969    i.svcSignalWait     RTX_CM4.lib(rt_cmsis.o)
    0x08002028   0x08002028   0x0000006c   Code   RO          970    i.svcThreadCreate   RTX_CM4.lib(rt_cmsis.o)
    0x08002094   0x08002094   0x0000001c   Code   RO          971    i.svcThreadGetId    RTX_CM4.lib(rt_cmsis.o)
    0x080020b0   0x080020b0   0x00000038   Code   RO          974    i.svcThreadTerminate  RTX_CM4.lib(rt_cmsis.o)
    0x080020e8   0x080020e8   0x00000018   Code   RO          976    i.svcTimerCall      RTX_CM4.lib(rt_cmsis.o)
    0x08002100   0x08002100   0x0000005c   Code   RO          985    i.sysTimerTick      RTX_CM4.lib(rt_cmsis.o)
    0x0800215c   0x0800215c   0x0000000a   Code   RO         2243    x$fpl$fpinit        fz_wm.l(fpinit.o)
    0x08002166   0x08002166   0x00000002   PAD
    0x08002168   0x08002168   0x00000010   Data   RO           10    .constdata          main.o
    0x08002178   0x08002178   0x00000068   Data   RO          119    .constdata          rtx_conf_cm.o
    0x080021e0   0x080021e0   0x00000020   Data   RO         2277    Region$$Table       anon$$obj.o


    Execution Region ER_RW (Exec base: 0x20000000, Load base: 0x08002200, Size: 0x00000054, Max: 0xffffffff, ABSOLUTE)

    Exec Addr    Load Addr    Size         Type   Attr      Idx    E Section Name        Object

    0x20000000   0x08002200   0x00000008   Data   RW           11    .data               main.o
    0x20000008   0x08002208   0x00000014   Data   RW          120    .data               rtx_conf_cm.o
    0x2000001c   0x0800221c   0x00000010   Data   RW          374    .data               stm32f4xx_rcc.o
    0x2000002c   0x0800222c   0x00000008   Data   RW          988    .data               RTX_CM4.lib(rt_cmsis.o)
    0x20000034   0x08002234   0x00000008   Data   RW         1528    .data               RTX_CM4.lib(rt_task.o)
    0x2000003c   0x0800223c   0x00000008   Data   RW         1647    .data               RTX_CM4.lib(rt_system.o)
    0x20000044   0x08002244   0x00000004   Data   RW         1937    .data               RTX_CM4.lib(rt_time.o)
    0x20000048   0x08002248   0x00000008   Data   RW         1968    .data               RTX_CM4.lib(rt_robin.o)
    0x20000050   0x08002250   0x00000001   Data   RW         2048    .data               RTX_CM4.lib(hal_cm.o)


    Execution Region ER_ZI (Exec base: 0x20000054, Load base: 0x08002254, Size: 0x0000129c, Max: 0xffffffff, ABSOLUTE)

    Exec Addr    Load Addr    Size         Type   Attr      Idx    E Section Name        Object

    0x20000054        -       0x0000000a   Zero   RW            9    .bss                main.o
    0x2000005e   0x08002254   0x00000002   PAD
    0x20000060        -       0x00000bc8   Zero   RW          118    .bss                rtx_conf_cm.o
    0x20000c28        -       0x00000034   Zero   RW         1527    .bss                RTX_CM4.lib(rt_task.o)
    0x20000c5c        -       0x00000030   Zero   RW         1777    .bss                RTX_CM4.lib(rt_list.o)
    0x20000c8c        -       0x00000060   Zero   RW         2110    .bss                c_w.l(libspace.o)
    0x20000cec   0x08002254   0x00000004   PAD
    0x20000cf0        -       0x00000200   Zero   RW          844    HEAP                startup_stm32f40_41xxx.o
    0x20000ef0        -       0x00000400   Zero   RW          843    STACK               startup_stm32f40_41xxx.o


==============================================================================

Image component sizes


      Code (inc. data)   RO Data    RW Data    ZI Data      Debug   Object Name

       564         66         16          8         10     287687   main.o
       120         14          0          0          0       1404   misc.o
       126         26        104         20       3016       9567   rtx_conf_cm.o
        64         26        392          0       1536        884   startup_stm32f40_41xxx.o
       222          0          0          0          0       2929   stm32f4xx_gpio.o
       296         30          0         16          0       4642   stm32f4xx_rcc.o
       442          8          0          0          0       6469   stm32f4xx_usart.o
       340         32          0          0          0       1841   system_stm32f4xx.o

    ----------------------------------------------------------------------
      2178        202        544         44       4564     315423   Object Totals
         0          0         32          0          0          0   (incl. Generated)
         4          0          0          0          2          0   (incl. Padding)

    ----------------------------------------------------------------------

      Code (inc. data)   RO Data    RW Data    ZI Data      Debug   Library Member Name

       268         24          0          1          0       4440   hal_cm.o
       408         34          0          0          0        812   hal_cm4.o
      1356        160          0          8          0      39562   rt_cmsis.o
       272         18          0          0          0       2798   rt_event.o
       530         34          0          0         48       8589   rt_list.o
       554         10          0          0          0       4177   rt_mailbox.o
       140          0          0          0          0       2033   rt_membox.o
       128          0          0          0          0       2411   rt_memory.o
       336         14          0          0          0       1719   rt_mutex.o
        96         22          0          8          0       1230   rt_robin.o
        52          4          0          0          0        613   rt_semaphore.o
       298         52          0          8          0       6427   rt_system.o
      1216        174          0          8         52      10017   rt_task.o
         6          0          0          4          0        684   rt_time.o
         4          4          0          0          0        196   svc_table.o
         8          0          0          0          0         68   __main.o
         0          0          0          0          0          0   __rtentry.o
        20          0          0          0          0          0   __rtentry2.o
         6          0          0          0          0          0   __rtentry4.o
        52          8          0          0          0          0   __scatter.o
        26          0          0          0          0          0   __scatter_copy.o
        28          0          0          0          0          0   __scatter_zi.o
        18          0          0          0          0         80   exit.o
         6          0          0          0          0        152   heapauxi.o
         0          0          0          0          0          0   indicate_semi.o
         2          0          0          0          0          0   libinit.o
         6          0          0          0          0          0   libinit2.o
         2          0          0          0          0          0   libshutdown.o
         2          0          0          0          0          0   libshutdown2.o
         8          4          0          0         96         68   libspace.o
         2          0          0          0          0          0   rtexit.o
        10          0          0          0          0          0   rtexit2.o
        12          4          0          0          0         68   sys_exit.o
        74          0          0          0          0         80   sys_stackheap_outer.o
         2          0          0          0          0         68   use_no_semi.o
        10          0          0          0          0        116   fpinit.o

    ----------------------------------------------------------------------
      5982        566          0         40        200      86408   Library Totals
        24          0          0          3          4          0   (incl. Padding)

    ----------------------------------------------------------------------

      Code (inc. data)   RO Data    RW Data    ZI Data      Debug   Library Name

      5664        550          0         37        100      85708   RTX_CM4.lib
       284         16          0          0         96        584   c_w.l
        10          0          0          0          0        116   fz_wm.l

    ----------------------------------------------------------------------
      5982        566          0         40        200      86408   Library Totals

    ----------------------------------------------------------------------

==============================================================================


      Code (inc. data)   RO Data    RW Data    ZI Data      Debug   

      8160        768        544         84       4764     391675   Grand Totals
      8160        768        544         84       4764     391675   ELF Image Totals
      8160        768        544         84          0          0   ROM Totals

==============================================================================

    Total RO  Size (Code + RO Data)                 8704 (   8.50kB)
    Total RW  Size (RW Data + ZI Data)              4848 (   4.73kB)
    Total ROM Size (Code + RO Data + RW Data)       8788 (   8.58kB)

==============================================================================

